2026-09-07T07:46:46.179Z  START signale-minuten-2026-09-06/v3/13x3x3x4x3 | 5 Reihen (7299 Aktien, ausgeschlossen {"ETF":694,"ETN":7,"ETV":35,"FUND":16,"ETS":4,"ohne Art":1,"TEST":1,"UNIT":1}) | 13 Detektoren | Tage 2680 | Bestaetigung ab 2023-02-07 | PILOT | Teil 0/4
2026-09-07T07:48:30.501Z  AAPL/2016       bereinigt    98041 reg. Kerzen  232/232/232 von 252  Tagen gewertet (1m/5m/15m)    11003 Signale  102 ms lesen  104218 ms rechnen
2026-09-07T07:50:24.185Z  AAPL/2017       bereinigt    97530 reg. Kerzen  251/251/251 von 251  Tagen gewertet (1m/5m/15m)    11114 Signale  86 ms lesen  113270 ms rechnen
2026-09-07T07:52:20.765Z  AAPL/2018       bereinigt    96572 reg. Kerzen  249/249/249 von 251  Tagen gewertet (1m/5m/15m)    12161 Signale  110 ms lesen  116145 ms rechnen
2026-09-07T07:54:15.445Z  AAPL/2019       bereinigt    97740 reg. Kerzen  252/252/252 von 252  Tagen gewertet (1m/5m/15m)    11896 Signale  107 ms lesen  114262 ms rechnen
2026-09-07T07:56:18.389Z  AAPL/2020       bereinigt    98254 reg. Kerzen  253/253/253 von 253  Tagen gewertet (1m/5m/15m)    13234 Signale  122 ms lesen  122488 ms rechnen
2026-09-07T07:58:17.331Z  AAPL/2021       roh          98100 reg. Kerzen  252/252/252 von 252  Tagen gewertet (1m/5m/15m)    12307 Signale  140 ms lesen  118469 ms rechnen
2026-09-07T08:00:18.427Z  AAPL/2022       roh          97710 reg. Kerzen  251/251/251 von 251  Tagen gewertet (1m/5m/15m)    13404 Signale  120 ms lesen  120676 ms rechnen
2026-09-07T08:02:14.444Z  AAPL/2023       roh          97140 reg. Kerzen  250/250/250 von 250  Tagen gewertet (1m/5m/15m)    11730 Signale  118 ms lesen  115557 ms rechnen
2026-09-07T08:04:11.528Z  AAPL/2024       roh          97740 reg. Kerzen  252/252/252 von 252  Tagen gewertet (1m/5m/15m)    11843 Signale  116 ms lesen  116634 ms rechnen
2026-09-07T08:06:09.519Z  AAPL/2025       roh          96960 reg. Kerzen  250/250/250 von 250  Tagen gewertet (1m/5m/15m)    12056 Signale  119 ms lesen  117545 ms rechnen
2026-09-07T08:07:27.949Z  AAPL/2026       roh          64740 reg. Kerzen  166/166/166 von 166  Tagen gewertet (1m/5m/15m)     8194 Signale  87 ms lesen  78029 ms rechnen
2026-09-07T08:07:40.835Z  ACCD/2020       roh          31825 reg. Kerzen   12/105/107 von 127  Tagen gewertet (1m/5m/15m)     3186 Signale  20 ms lesen  12659 ms rechnen
2026-09-07T08:08:53.122Z  ACCD/2021       roh          78727 reg. Kerzen  136/252/252 von 252  Tagen gewertet (1m/5m/15m)    11134 Signale  51 ms lesen  72135 ms rechnen
2026-09-07T08:10:25.228Z  ACCD/2022       roh          85833 reg. Kerzen  185/211/211 von 251  Tagen gewertet (1m/5m/15m)    11834 Signale  43 ms lesen  91808 ms rechnen
2026-09-07T08:10:59.866Z  ACCD/2023       roh          76350 reg. Kerzen   69/140/140 von 250  Tagen gewertet (1m/5m/15m)     5896 Signale  43 ms lesen  34335 ms rechnen
2026-09-07T08:11:25.972Z  ACCD/2024       roh          80043 reg. Kerzen     51/88/88 von 252  Tagen gewertet (1m/5m/15m)     4005 Signale  44 ms lesen  25779 ms rechnen
2026-09-07T08:11:39.378Z  ACCD/2025       roh          20709 reg. Kerzen     28/44/44 von 65   Tagen gewertet (1m/5m/15m)      972 Signale  14 ms lesen  13120 ms rechnen
2026-09-07T08:13:20.548Z  COST/2016       roh          97618 reg. Kerzen  232/232/232 von 252  Tagen gewertet (1m/5m/15m)    10548 Signale  65 ms lesen  101029 ms rechnen
2026-09-07T08:15:07.731Z  COST/2017       roh          96984 reg. Kerzen  251/251/251 von 251  Tagen gewertet (1m/5m/15m)    10854 Signale  57 ms lesen  106776 ms rechnen
2026-09-07T08:16:55.745Z  COST/2018       roh          95982 reg. Kerzen  249/249/249 von 251  Tagen gewertet (1m/5m/15m)    11788 Signale  59 ms lesen  107658 ms rechnen
2026-09-07T08:18:43.398Z  COST/2019       roh          97039 reg. Kerzen  252/252/252 von 252  Tagen gewertet (1m/5m/15m)    11327 Signale  61 ms lesen  107298 ms rechnen
2026-09-07T08:20:38.438Z  COST/2020       roh          97985 reg. Kerzen  253/253/253 von 253  Tagen gewertet (1m/5m/15m)    12083 Signale  56 ms lesen  114689 ms rechnen
2026-09-07T08:22:29.451Z  COST/2021       roh          97158 reg. Kerzen  252/252/252 von 252  Tagen gewertet (1m/5m/15m)    11492 Signale  64 ms lesen  110614 ms rechnen
2026-09-07T08:24:24.494Z  COST/2022       roh          96989 reg. Kerzen  251/251/251 von 251  Tagen gewertet (1m/5m/15m)    13017 Signale  57 ms lesen  114693 ms rechnen
2026-09-07T08:26:10.225Z  COST/2023       roh          94680 reg. Kerzen  250/250/250 von 250  Tagen gewertet (1m/5m/15m)    11457 Signale  62 ms lesen  105344 ms rechnen
2026-09-07T08:27:55.321Z  COST/2024       roh          93697 reg. Kerzen  252/252/252 von 252  Tagen gewertet (1m/5m/15m)    11386 Signale  53 ms lesen  104707 ms rechnen
2026-09-07T08:29:43.471Z  COST/2025       roh          93235 reg. Kerzen  250/250/250 von 250  Tagen gewertet (1m/5m/15m)    11693 Signale  63 ms lesen  107795 ms rechnen
2026-09-07T08:31:02.626Z  COST/2026       roh          64553 reg. Kerzen  166/166/166 von 166  Tagen gewertet (1m/5m/15m)     7886 Signale  48 ms lesen  78795 ms rechnen
2026-09-07T08:32:50.289Z  JPM/2016        roh          98091 reg. Kerzen  232/232/232 von 252  Tagen gewertet (1m/5m/15m)    11040 Signale  68 ms lesen  107388 ms rechnen
2026-09-07T08:34:45.600Z  JPM/2017        roh          97530 reg. Kerzen  251/251/251 von 251  Tagen gewertet (1m/5m/15m)    11371 Signale  61 ms lesen  114931 ms rechnen
2026-09-07T08:36:43.770Z  JPM/2018        roh          97350 reg. Kerzen  251/251/251 von 251  Tagen gewertet (1m/5m/15m)    12086 Signale  69 ms lesen  117780 ms rechnen
2026-09-07T08:38:39.494Z  JPM/2019        roh          97702 reg. Kerzen  252/252/252 von 252  Tagen gewertet (1m/5m/15m)    11713 Signale  68 ms lesen  115332 ms rechnen
2026-09-07T08:40:44.846Z  JPM/2020        roh          98253 reg. Kerzen  253/253/253 von 253  Tagen gewertet (1m/5m/15m)    13238 Signale  84 ms lesen  124938 ms rechnen
2026-09-07T08:42:44.810Z  JPM/2021        roh          97317 reg. Kerzen  250/250/250 von 252  Tagen gewertet (1m/5m/15m)    11760 Signale  65 ms lesen  119553 ms rechnen
2026-09-07T08:44:47.786Z  JPM/2022        roh          97321 reg. Kerzen  250/250/250 von 251  Tagen gewertet (1m/5m/15m)    12768 Signale  77 ms lesen  122572 ms rechnen
2026-09-07T08:46:44.908Z  JPM/2023        roh          97136 reg. Kerzen  250/250/250 von 250  Tagen gewertet (1m/5m/15m)    11673 Signale  75 ms lesen  116698 ms rechnen
2026-09-07T08:48:43.459Z  JPM/2024        roh          97740 reg. Kerzen  252/252/252 von 252  Tagen gewertet (1m/5m/15m)    11531 Signale  76 ms lesen  118123 ms rechnen
2026-09-07T08:50:41.221Z  JPM/2025        roh          96958 reg. Kerzen  250/250/250 von 250  Tagen gewertet (1m/5m/15m)    11917 Signale  73 ms lesen  117340 ms rechnen
2026-09-07T08:51:56.245Z  JPM/2026        roh          64740 reg. Kerzen  166/166/166 von 166  Tagen gewertet (1m/5m/15m)     8051 Signale  50 ms lesen  74645 ms rechnen
2026-09-07T08:53:36.839Z  PG/2016         roh          98084 reg. Kerzen  232/232/232 von 252  Tagen gewertet (1m/5m/15m)    10034 Signale  65 ms lesen  100299 ms rechnen
2026-09-07T08:55:23.465Z  PG/2017         roh          97522 reg. Kerzen  251/251/251 von 251  Tagen gewertet (1m/5m/15m)    10313 Signale  44 ms lesen  106258 ms rechnen
2026-09-07T08:57:12.205Z  PG/2018         roh          97333 reg. Kerzen  251/251/251 von 251  Tagen gewertet (1m/5m/15m)    11368 Signale  54 ms lesen  108361 ms rechnen
2026-09-07T08:59:00.874Z  PG/2019         roh          97588 reg. Kerzen  252/252/252 von 252  Tagen gewertet (1m/5m/15m)    11089 Signale  59 ms lesen  108318 ms rechnen
2026-09-07T09:00:55.319Z  PG/2020         roh          98228 reg. Kerzen  253/253/253 von 253  Tagen gewertet (1m/5m/15m)    12069 Signale  58 ms lesen  114109 ms rechnen
2026-09-07T09:02:45.871Z  PG/2021         roh          97304 reg. Kerzen  250/250/250 von 252  Tagen gewertet (1m/5m/15m)    10884 Signale  46 ms lesen  110204 ms rechnen
2026-09-07T09:04:37.756Z  PG/2022         roh          96979 reg. Kerzen  249/249/249 von 251  Tagen gewertet (1m/5m/15m)    11853 Signale  46 ms lesen  111517 ms rechnen
2026-09-07T09:06:27.141Z  PG/2023         roh          97131 reg. Kerzen  250/250/250 von 250  Tagen gewertet (1m/5m/15m)    10967 Signale  64 ms lesen  108995 ms rechnen
2026-09-07T09:08:17.748Z  PG/2024         roh          97732 reg. Kerzen  252/252/252 von 252  Tagen gewertet (1m/5m/15m)    10723 Signale  68 ms lesen  110223 ms rechnen
2026-09-07T09:10:09.012Z  PG/2025         roh          96951 reg. Kerzen  250/250/250 von 250  Tagen gewertet (1m/5m/15m)    11343 Signale  68 ms lesen  110833 ms rechnen
2026-09-07T09:11:26.163Z  PG/2026         roh          64721 reg. Kerzen  166/166/166 von 166  Tagen gewertet (1m/5m/15m)     7870 Signale  48 ms lesen  76784 ms rechnen
2026-09-07T09:11:27.952Z  ENDE vollstaendig | 50 Dateien | 0.29 GB | 4.519.645 reg. Kerzen | lesen 3 s, rechnen 5062 s | ausgelassen 0 | Detektorfehler {}
