2026-09-07T07:46:46.228Z  START signale-minuten-2026-09-06/v3/13x3x3x4x3 | 5 Reihen (7299 Aktien, ausgeschlossen {"ETF":694,"ETN":7,"ETV":35,"FUND":16,"ETS":4,"ohne Art":1,"TEST":1,"UNIT":1}) | 13 Detektoren | Tage 2680 | Bestaetigung ab 2023-02-07 | PILOT | Teil 3/4
2026-09-07T07:46:46.406Z  AC/2016         roh          12148 reg. Kerzen        0/0/0 von 252  Tagen gewertet (1m/5m/15m)        0 Signale  13 ms lesen  163 ms rechnen
2026-09-07T07:46:46.568Z  AC/2017         roh           9699 reg. Kerzen        0/0/0 von 251  Tagen gewertet (1m/5m/15m)        0 Signale  5 ms lesen  118 ms rechnen
2026-09-07T07:46:47.164Z  AC/2018         roh           7916 reg. Kerzen        0/0/0 von 251  Tagen gewertet (1m/5m/15m)        0 Signale  492 ms lesen  81 ms rechnen
2026-09-07T07:46:47.228Z  AC/2019         roh           2891 reg. Kerzen        0/0/0 von 251  Tagen gewertet (1m/5m/15m)        0 Signale  2 ms lesen  45 ms rechnen
2026-09-07T07:46:47.337Z  AC/2020         roh           7862 reg. Kerzen        0/0/0 von 253  Tagen gewertet (1m/5m/15m)        0 Signale  5 ms lesen  95 ms rechnen
2026-09-07T07:46:47.438Z  AC/2021         roh           6991 reg. Kerzen        0/0/0 von 249  Tagen gewertet (1m/5m/15m)        0 Signale  7 ms lesen  70 ms rechnen
2026-09-07T07:46:47.500Z  AC/2022         roh           2881 reg. Kerzen        0/0/0 von 245  Tagen gewertet (1m/5m/15m)        0 Signale  2 ms lesen  42 ms rechnen
2026-09-07T07:46:47.558Z  AC/2023         roh           3434 reg. Kerzen        0/0/0 von 250  Tagen gewertet (1m/5m/15m)        0 Signale  3 ms lesen  45 ms rechnen
2026-09-07T07:46:47.607Z  AC/2024         roh           2777 reg. Kerzen        0/0/0 von 252  Tagen gewertet (1m/5m/15m)        0 Signale  2 ms lesen  34 ms rechnen
2026-09-07T07:46:47.645Z  AC/2025         roh           1821 reg. Kerzen        0/0/0 von 168  Tagen gewertet (1m/5m/15m)        0 Signale  1 ms lesen  29 ms rechnen
2026-09-07T07:46:52.309Z  COKE/2016       bereinigt    25819 reg. Kerzen     0/40/194 von 252  Tagen gewertet (1m/5m/15m)     2327 Signale  20 ms lesen  4639 ms rechnen
2026-09-07T07:46:54.262Z  COKE/2017       bereinigt    15891 reg. Kerzen      0/3/104 von 251  Tagen gewertet (1m/5m/15m)      960 Signale  13 ms lesen  1852 ms rechnen
2026-09-07T07:46:57.507Z  COKE/2018       bereinigt    19702 reg. Kerzen     0/11/156 von 251  Tagen gewertet (1m/5m/15m)     1569 Signale  15 ms lesen  3169 ms rechnen
2026-09-07T07:47:01.572Z  COKE/2019       bereinigt    21278 reg. Kerzen     0/23/177 von 252  Tagen gewertet (1m/5m/15m)     1908 Signale  13 ms lesen  3993 ms rechnen
2026-09-07T07:47:04.125Z  COKE/2020       bereinigt    15375 reg. Kerzen     0/15/105 von 253  Tagen gewertet (1m/5m/15m)     1218 Signale  13 ms lesen  2469 ms rechnen
2026-09-07T07:47:04.710Z  COKE/2021       bereinigt     9721 reg. Kerzen       0/0/29 von 252  Tagen gewertet (1m/5m/15m)      262 Signale  8 ms lesen  517 ms rechnen
2026-09-07T07:47:06.920Z  COKE/2022       bereinigt    13755 reg. Kerzen      0/7/119 von 251  Tagen gewertet (1m/5m/15m)     1131 Signale  9 ms lesen  2162 ms rechnen
2026-09-07T07:47:07.921Z  COKE/2023       bereinigt    10644 reg. Kerzen       0/0/70 von 250  Tagen gewertet (1m/5m/15m)      584 Signale  9 ms lesen  939 ms rechnen
2026-09-07T07:47:09.055Z  COKE/2024       bereinigt     9881 reg. Kerzen       0/0/70 von 252  Tagen gewertet (1m/5m/15m)      609 Signale  8 ms lesen  1086 ms rechnen
2026-09-07T07:47:25.713Z  COKE/2025       bereinigt    43810 reg. Kerzen   22/153/184 von 250  Tagen gewertet (1m/5m/15m)     4729 Signale  25 ms lesen  16596 ms rechnen
2026-09-07T07:47:42.240Z  COKE/2026       roh          40609 reg. Kerzen   17/166/166 von 166  Tagen gewertet (1m/5m/15m)     4971 Signale  29 ms lesen  16354 ms rechnen
2026-09-07T07:49:26.638Z  HD/2016         roh          98058 reg. Kerzen  232/232/232 von 252  Tagen gewertet (1m/5m/15m)    10732 Signale  60 ms lesen  104198 ms rechnen
2026-09-07T07:51:17.963Z  HD/2017         roh          97498 reg. Kerzen  251/251/251 von 251  Tagen gewertet (1m/5m/15m)    10780 Signale  54 ms lesen  110934 ms rechnen
2026-09-07T07:53:13.043Z  HD/2018         roh          97309 reg. Kerzen  251/251/251 von 251  Tagen gewertet (1m/5m/15m)    12065 Signale  67 ms lesen  114644 ms rechnen
2026-09-07T07:55:05.815Z  HD/2019         roh          97660 reg. Kerzen  252/252/252 von 252  Tagen gewertet (1m/5m/15m)    11610 Signale  64 ms lesen  112391 ms rechnen
2026-09-07T07:57:06.502Z  HD/2020         roh          98222 reg. Kerzen  253/253/253 von 253  Tagen gewertet (1m/5m/15m)    12736 Signale  67 ms lesen  120316 ms rechnen
2026-09-07T07:59:00.416Z  HD/2021         roh          97220 reg. Kerzen  250/250/250 von 252  Tagen gewertet (1m/5m/15m)    11602 Signale  66 ms lesen  113516 ms rechnen
2026-09-07T08:00:58.671Z  HD/2022         roh          97267 reg. Kerzen  250/250/250 von 251  Tagen gewertet (1m/5m/15m)    13152 Signale  59 ms lesen  117845 ms rechnen
2026-09-07T08:02:53.414Z  HD/2023         roh          97015 reg. Kerzen  250/250/250 von 250  Tagen gewertet (1m/5m/15m)    11727 Signale  69 ms lesen  114347 ms rechnen
2026-09-07T08:04:48.359Z  HD/2024         roh          97382 reg. Kerzen  252/252/252 von 252  Tagen gewertet (1m/5m/15m)    11668 Signale  67 ms lesen  114546 ms rechnen
2026-09-07T08:06:42.655Z  HD/2025         roh          96545 reg. Kerzen  250/250/250 von 250  Tagen gewertet (1m/5m/15m)    11916 Signale  71 ms lesen  113882 ms rechnen
2026-09-07T08:08:00.567Z  HD/2026         roh          64735 reg. Kerzen  166/166/166 von 166  Tagen gewertet (1m/5m/15m)     8237 Signale  49 ms lesen  77531 ms rechnen
2026-09-07T08:09:47.767Z  NVDA/2016       bereinigt    98039 reg. Kerzen  232/232/232 von 252  Tagen gewertet (1m/5m/15m)    12058 Signale  80 ms lesen  106902 ms rechnen
2026-09-07T08:11:44.185Z  NVDA/2017       bereinigt    97530 reg. Kerzen  251/251/251 von 251  Tagen gewertet (1m/5m/15m)    13166 Signale  100 ms lesen  115988 ms rechnen
2026-09-07T08:13:42.845Z  NVDA/2018       bereinigt    96571 reg. Kerzen  249/249/249 von 251  Tagen gewertet (1m/5m/15m)    13474 Signale  99 ms lesen  118235 ms rechnen
2026-09-07T08:15:40.075Z  NVDA/2019       bereinigt    97739 reg. Kerzen  252/252/252 von 252  Tagen gewertet (1m/5m/15m)    13320 Signale  81 ms lesen  116837 ms rechnen
2026-09-07T08:17:43.766Z  NVDA/2020       bereinigt    98252 reg. Kerzen  253/253/253 von 253  Tagen gewertet (1m/5m/15m)    14007 Signale  88 ms lesen  123273 ms rechnen
2026-09-07T08:19:44.657Z  NVDA/2021       bereinigt    98095 reg. Kerzen  252/252/252 von 252  Tagen gewertet (1m/5m/15m)    13642 Signale  108 ms lesen  120466 ms rechnen
2026-09-07T08:21:53.136Z  NVDA/2022       bereinigt    97710 reg. Kerzen  251/251/251 von 251  Tagen gewertet (1m/5m/15m)    14721 Signale  122 ms lesen  128075 ms rechnen
2026-09-07T08:23:52.181Z  NVDA/2023       bereinigt    97140 reg. Kerzen  250/250/250 von 250  Tagen gewertet (1m/5m/15m)    13684 Signale  128 ms lesen  118612 ms rechnen
2026-09-07T08:25:54.287Z  NVDA/2024       bereinigt    97740 reg. Kerzen  252/252/252 von 252  Tagen gewertet (1m/5m/15m)    13844 Signale  148 ms lesen  121656 ms rechnen
2026-09-07T08:27:53.765Z  NVDA/2025       roh          96960 reg. Kerzen  250/250/250 von 250  Tagen gewertet (1m/5m/15m)    13229 Signale  153 ms lesen  118998 ms rechnen
2026-09-07T08:29:13.170Z  NVDA/2026       roh          64740 reg. Kerzen  166/166/166 von 166  Tagen gewertet (1m/5m/15m)     8844 Signale  97 ms lesen  78977 ms rechnen
2026-09-07T08:31:00.259Z  XOM/2016        roh          98090 reg. Kerzen  232/232/232 von 252  Tagen gewertet (1m/5m/15m)    10783 Signale  67 ms lesen  106777 ms rechnen
2026-09-07T08:32:53.952Z  XOM/2017        roh          97529 reg. Kerzen  251/251/251 von 251  Tagen gewertet (1m/5m/15m)    10537 Signale  72 ms lesen  113317 ms rechnen
2026-09-07T08:34:49.702Z  XOM/2018        roh          97347 reg. Kerzen  251/251/251 von 251  Tagen gewertet (1m/5m/15m)    11753 Signale  58 ms lesen  115364 ms rechnen
2026-09-07T08:36:45.150Z  XOM/2019        roh          97693 reg. Kerzen  252/252/252 von 252  Tagen gewertet (1m/5m/15m)    11486 Signale  64 ms lesen  115075 ms rechnen
2026-09-07T08:38:52.905Z  XOM/2020        roh          98246 reg. Kerzen  253/253/253 von 253  Tagen gewertet (1m/5m/15m)    13567 Signale  91 ms lesen  127338 ms rechnen
2026-09-07T08:40:53.698Z  XOM/2021        roh          97317 reg. Kerzen  250/250/250 von 252  Tagen gewertet (1m/5m/15m)    12633 Signale  73 ms lesen  120421 ms rechnen
2026-09-07T08:42:56.534Z  XOM/2022        roh          96946 reg. Kerzen  249/249/249 von 251  Tagen gewertet (1m/5m/15m)    13122 Signale  84 ms lesen  122427 ms rechnen
2026-09-07T08:44:55.482Z  XOM/2023        roh          97130 reg. Kerzen  250/250/250 von 250  Tagen gewertet (1m/5m/15m)    12259 Signale  77 ms lesen  118519 ms rechnen
2026-09-07T08:46:52.888Z  XOM/2024        roh          97740 reg. Kerzen  252/252/252 von 252  Tagen gewertet (1m/5m/15m)    11750 Signale  71 ms lesen  117020 ms rechnen
2026-09-07T08:48:51.407Z  XOM/2025        roh          96959 reg. Kerzen  250/250/250 von 250  Tagen gewertet (1m/5m/15m)    11811 Signale  67 ms lesen  118103 ms rechnen
2026-09-07T08:50:11.402Z  XOM/2026        roh          64736 reg. Kerzen  166/166/166 von 166  Tagen gewertet (1m/5m/15m)     8307 Signale  58 ms lesen  79610 ms rechnen
2026-09-07T08:50:13.053Z  ENDE vollstaendig | 54 Dateien | 0.25 GB | 3.404.065 reg. Kerzen | lesen 3 s, rechnen 3791 s | ausgelassen 0 | Detektorfehler {}
