2026-09-07T05:52:52.309Z  START signale-minuten-2026-09-06/v2/13x3x3x4x3 | 5 Reihen (7299 Aktien, ausgeschlossen {"ETF":694,"ETN":7,"ETV":35,"FUND":16,"ETS":4,"ohne Art":1,"TEST":1,"UNIT":1}) | 13 Detektoren | Tage 2680 | Bestaetigung ab 2023-02-07 | PILOT | Teil 3/4
2026-09-07T05:52:52.487Z  AC/2016         roh          12148 reg. Kerzen        0/0/0 von 252  Tagen gewertet (1m/5m/15m)        0 Signale  10 ms lesen  166 ms rechnen
2026-09-07T05:52:52.643Z  AC/2017         roh           9699 reg. Kerzen        0/0/0 von 251  Tagen gewertet (1m/5m/15m)        0 Signale  9 ms lesen  105 ms rechnen
2026-09-07T05:52:52.771Z  AC/2018         roh           7916 reg. Kerzen        0/0/0 von 251  Tagen gewertet (1m/5m/15m)        0 Signale  5 ms lesen  99 ms rechnen
2026-09-07T05:52:52.855Z  AC/2019         roh           2891 reg. Kerzen        0/0/0 von 251  Tagen gewertet (1m/5m/15m)        0 Signale  4 ms lesen  61 ms rechnen
2026-09-07T05:52:52.953Z  AC/2020         roh           7862 reg. Kerzen        0/0/0 von 253  Tagen gewertet (1m/5m/15m)        0 Signale  5 ms lesen  84 ms rechnen
2026-09-07T05:52:53.060Z  AC/2021         roh           6991 reg. Kerzen        0/0/0 von 249  Tagen gewertet (1m/5m/15m)        0 Signale  5 ms lesen  79 ms rechnen
2026-09-07T05:52:53.126Z  AC/2022         roh           2881 reg. Kerzen        0/0/0 von 245  Tagen gewertet (1m/5m/15m)        0 Signale  3 ms lesen  46 ms rechnen
2026-09-07T05:52:53.187Z  AC/2023         roh           3434 reg. Kerzen        0/0/0 von 250  Tagen gewertet (1m/5m/15m)        0 Signale  2 ms lesen  48 ms rechnen
2026-09-07T05:52:53.249Z  AC/2024         roh           2777 reg. Kerzen        0/0/0 von 252  Tagen gewertet (1m/5m/15m)        0 Signale  3 ms lesen  47 ms rechnen
2026-09-07T05:52:53.287Z  AC/2025         roh           1821 reg. Kerzen        0/0/0 von 168  Tagen gewertet (1m/5m/15m)        0 Signale  2 ms lesen  24 ms rechnen
2026-09-07T05:52:57.441Z  COKE/2016       bereinigt    25819 reg. Kerzen     0/40/194 von 252  Tagen gewertet (1m/5m/15m)     2327 Signale  26 ms lesen  4119 ms rechnen
2026-09-07T05:52:58.950Z  COKE/2017       bereinigt    15891 reg. Kerzen      0/3/104 von 251  Tagen gewertet (1m/5m/15m)      960 Signale  8 ms lesen  1437 ms rechnen
2026-09-07T05:53:01.502Z  COKE/2018       bereinigt    19702 reg. Kerzen     0/11/156 von 251  Tagen gewertet (1m/5m/15m)     1569 Signale  17 ms lesen  2499 ms rechnen
2026-09-07T05:53:04.601Z  COKE/2019       bereinigt    21278 reg. Kerzen     0/23/177 von 252  Tagen gewertet (1m/5m/15m)     1908 Signale  11 ms lesen  3048 ms rechnen
2026-09-07T05:53:06.584Z  COKE/2020       bereinigt    15375 reg. Kerzen     0/15/105 von 253  Tagen gewertet (1m/5m/15m)     1214 Signale  11 ms lesen  1913 ms rechnen
2026-09-07T05:53:07.017Z  COKE/2021       bereinigt     9721 reg. Kerzen       0/0/29 von 252  Tagen gewertet (1m/5m/15m)      262 Signale  9 ms lesen  389 ms rechnen
2026-09-07T05:53:08.749Z  COKE/2022       bereinigt    13755 reg. Kerzen      0/7/119 von 251  Tagen gewertet (1m/5m/15m)     1131 Signale  8 ms lesen  1701 ms rechnen
2026-09-07T05:53:09.521Z  COKE/2023       bereinigt    10644 reg. Kerzen       0/0/70 von 250  Tagen gewertet (1m/5m/15m)      564 Signale  5 ms lesen  728 ms rechnen
2026-09-07T05:53:10.411Z  COKE/2024       bereinigt     9881 reg. Kerzen       0/0/70 von 252  Tagen gewertet (1m/5m/15m)      605 Signale  6 ms lesen  855 ms rechnen
2026-09-07T05:53:23.191Z  COKE/2025       bereinigt    43810 reg. Kerzen   22/153/184 von 250  Tagen gewertet (1m/5m/15m)     4729 Signale  28 ms lesen  12729 ms rechnen
2026-09-07T05:53:35.835Z  COKE/2026       roh          40609 reg. Kerzen   17/166/166 von 166  Tagen gewertet (1m/5m/15m)     4971 Signale  24 ms lesen  12513 ms rechnen
2026-09-07T05:54:55.816Z  HD/2016         roh          98058 reg. Kerzen  232/232/232 von 252  Tagen gewertet (1m/5m/15m)    10732 Signale  68 ms lesen  79797 ms rechnen
2026-09-07T05:56:19.095Z  HD/2017         roh          97498 reg. Kerzen  251/251/251 von 251  Tagen gewertet (1m/5m/15m)    10780 Signale  48 ms lesen  83010 ms rechnen
2026-09-07T05:57:45.675Z  HD/2018         roh          97309 reg. Kerzen  251/251/251 von 251  Tagen gewertet (1m/5m/15m)    12065 Signale  79 ms lesen  86268 ms rechnen
2026-09-07T05:59:13.656Z  HD/2019         roh          97660 reg. Kerzen  252/252/252 von 252  Tagen gewertet (1m/5m/15m)    11610 Signale  83 ms lesen  87660 ms rechnen
2026-09-07T06:00:44.431Z  HD/2020         roh          98222 reg. Kerzen  253/253/253 von 253  Tagen gewertet (1m/5m/15m)    12736 Signale  649 ms lesen  89857 ms rechnen
2026-09-07T06:02:09.996Z  HD/2021         roh          97220 reg. Kerzen  250/250/250 von 252  Tagen gewertet (1m/5m/15m)    11602 Signale  100 ms lesen  85225 ms rechnen
2026-09-07T06:03:40.262Z  HD/2022         roh          97267 reg. Kerzen  250/250/250 von 251  Tagen gewertet (1m/5m/15m)    13152 Signale  101 ms lesen  89935 ms rechnen
2026-09-07T06:05:05.252Z  HD/2023         roh          97015 reg. Kerzen  250/250/250 von 250  Tagen gewertet (1m/5m/15m)    11727 Signale  78 ms lesen  84667 ms rechnen
2026-09-07T06:06:30.525Z  HD/2024         roh          97382 reg. Kerzen  252/252/252 von 252  Tagen gewertet (1m/5m/15m)    11668 Signale  98 ms lesen  84931 ms rechnen
2026-09-07T06:08:19.877Z  HD/2025         roh          96545 reg. Kerzen  250/250/250 von 250  Tagen gewertet (1m/5m/15m)    11916 Signale  79 ms lesen  109026 ms rechnen
2026-09-07T06:09:38.534Z  HD/2026         roh          64735 reg. Kerzen  166/166/166 von 166  Tagen gewertet (1m/5m/15m)     8237 Signale  635 ms lesen  77725 ms rechnen
2026-09-07T06:11:26.512Z  NVDA/2016       bereinigt    98039 reg. Kerzen  232/232/232 von 252  Tagen gewertet (1m/5m/15m)    12058 Signale  144 ms lesen  107600 ms rechnen
