Regel Wert Fenster F | p.a. c=0 / Papier / 0,25 / 1,0 | t0 t025 | c* | Trades/Tag Treffer(c=0) BruttoBp/Trade Umsatz | MDD(c=0) Sharpe(c=0) | KH p.a.
R1 QQQ W-Vor P | -1.5 -4.9 -21.0 -59.4 | -0.13 -3.11 | -0.010 | 17.6 14.9 -0.020 35.1 | 10.3 -0.08 | 19.3
R1 QQQ W-Vor N | 1.8 -1.8 -18.4 -58.0 | 0.34 -2.70 | 0.027 | 17.6 16.2 0.053 35.1 | 9.3 0.22 | 19.3
R1 QQQ W-Papier P | 45.4 43.0 18.8 -35.2 | 5.97 2.80 | 0.485 | 16.0 17.0 0.973 32.0 | 8.3 2.21 | 15.5
R1 QQQ W-Papier N | 44.8 42.4 18.3 -35.5 | 5.85 2.71 | 0.480 | 16.0 17.5 0.963 32.0 | 8.7 2.18 | 15.5
R1 QQQ W-Nach P | 7.1 6.3 -13.2 -53.9 | 1.09 -1.69 | 0.096 | 16.7 16.6 0.193 33.4 | 12.6 0.53 | 27.1
R1 QQQ W-Nach N | 7.0 6.1 -13.4 -54.0 | 1.07 -1.69 | 0.094 | 16.7 17.1 0.190 33.4 | 14.0 0.52 | 27.1
R2 QQQ W-Vor P | 4.5 1.6 -12.5 -48.7 | 0.96 -2.53 | 0.068 | 14.1 25.3 0.135 28.2 | 5.9 0.57 | 19.3
R2 QQQ W-Vor N | 7.0 4.0 -10.4 -47.5 | 1.45 -2.08 | 0.100 | 14.1 25.9 0.201 28.2 | 5.0 0.85 | 19.3
R2 QQQ W-Papier P | 16.2 14.6 -2.2 -41.7 | 3.23 -0.25 | 0.232 | 13.7 27.2 0.468 27.3 | 12.8 1.18 | 15.5
R2 QQQ W-Papier N | 17.0 15.4 -1.5 -41.3 | 3.31 -0.11 | 0.242 | 13.7 27.4 0.488 27.3 | 13.8 1.23 | 15.5
R2 QQQ W-Nach P | 0.3 -0.4 -15.9 -50.5 | 0.18 -2.44 | 0.017 | 14.0 25.9 0.030 27.9 | 15.8 0.09 | 27.1
R2 QQQ W-Nach N | 0.8 0.1 -15.5 -50.2 | 0.26 -2.36 | 0.024 | 14.0 26.1 0.044 27.9 | 15.9 0.12 | 27.1
R1 SPY W-Vor P | -5.6 -7.5 -24.8 -62.0 | -1.14 -5.47 | -0.060 | 18.1 15.1 -0.120 36.1 | 14.9 -0.69 | 15.4
R1 SPY W-Vor N | -4.2 -6.1 -23.7 -61.5 | -0.83 -5.21 | -0.043 | 18.1 15.8 -0.086 36.1 | 12.7 -0.50 | 15.4
R1 SPY W-Papier P | 15.8 14.2 -7.4 -52.7 | 3.12 -1.30 | 0.174 | 17.7 16.5 0.353 35.4 | 17.5 1.15 | 8.5
R1 SPY W-Papier N | 16.3 14.8 -7.0 -52.4 | 3.23 -1.21 | 0.180 | 17.7 16.9 0.364 35.4 | 16.3 1.19 | 8.5
R1 SPY W-Nach P | 0.9 0.2 -18.8 -57.7 | 0.29 -3.49 | 0.018 | 17.2 16.1 0.038 34.4 | 11.6 0.14 | 21.0
R1 SPY W-Nach N | 0.4 -0.4 -19.2 -57.9 | 0.20 -3.57 | 0.012 | 17.2 16.4 0.026 34.4 | 11.9 0.09 | 21.0
R2 SPY W-Vor P | -5.4 -6.9 -21.3 -54.8 | -1.58 -6.75 | -0.072 | 14.7 24.6 -0.144 29.3 | 12.1 -0.87 | 15.4
R2 SPY W-Vor N | -4.0 -5.6 -20.2 -54.1 | -1.16 -6.39 | -0.053 | 14.7 24.9 -0.105 29.3 | 9.5 -0.63 | 15.4
R2 SPY W-Papier P | 5.5 4.4 -12.0 -49.0 | 1.42 -2.89 | 0.081 | 14.4 26.3 0.166 28.8 | 14.4 0.56 | 8.5
R2 SPY W-Papier N | 6.0 4.9 -11.6 -48.7 | 1.54 -2.78 | 0.088 | 14.4 26.3 0.179 28.8 | 13.8 0.61 | 8.5
R2 SPY W-Nach P | 0.8 0.2 -15.6 -50.4 | 0.26 -3.23 | 0.018 | 14.1 25.7 0.033 28.1 | 14.5 0.13 | 21.0
R2 SPY W-Nach N | 0.8 0.1 -15.6 -50.4 | 0.26 -3.23 | 0.018 | 14.1 25.8 0.033 28.1 | 14.4 0.12 | 21.0
R1 IWM W-Vor P | -6.6 -9.8 -25.3 -61.7 | -0.66 -2.97 | -0.067 | 17.7 16.4 -0.135 35.3 | 18.7 -0.46 | 17.4
R1 IWM W-Vor N | -3.9 -7.2 -23.1 -60.6 | -0.35 -2.70 | -0.035 | 17.7 17.1 -0.071 35.3 | 17.2 -0.24 | 17.4
R1 IWM W-Papier P | 20.3 17.3 -2.7 -48.5 | 2.56 -0.11 | 0.239 | 16.8 17.1 0.479 33.5 | 45.8 1.09 | 2.6
R1 IWM W-Papier N | 19.0 16.0 -3.8 -49.0 | 2.39 -0.24 | 0.226 | 16.8 17.6 0.453 33.5 | 46.9 1.03 | 2.6
R1 IWM W-Nach P | -12.2 -13.8 -28.8 -62.0 | -1.11 -3.04 | -0.137 | 16.6 16.7 -0.276 33.1 | 46.0 -0.64 | 15.9
R1 IWM W-Nach N | -11.0 -12.7 -27.9 -61.6 | -0.98 -2.89 | -0.121 | 16.6 17.4 -0.245 33.1 | 45.9 -0.57 | 15.9
R2 IWM W-Vor P | -7.1 -9.7 -22.6 -55.1 | -1.03 -3.65 | -0.094 | 14.4 25.0 -0.189 28.8 | 18.7 -0.67 | 17.4
R2 IWM W-Vor N | -5.2 -7.9 -21.0 -54.2 | -0.73 -3.37 | -0.067 | 14.4 25.3 -0.135 28.8 | 15.5 -0.48 | 17.4
R2 IWM W-Papier P | 3.5 1.3 -13.3 -49.1 | 0.71 -2.11 | 0.062 | 14.1 26.7 0.129 28.1 | 37.1 0.31 | 2.6
R2 IWM W-Papier N | 3.4 1.3 -13.4 -49.1 | 0.70 -2.09 | 0.062 | 14.1 27.0 0.128 28.1 | 37.1 0.31 | 2.6
R2 IWM W-Nach P | -12.4 -13.7 -26.5 -56.5 | -1.58 -3.78 | -0.174 | 13.9 26.2 -0.351 27.8 | 42.7 -0.85 | 15.9
R2 IWM W-Nach N | -11.5 -12.8 -25.7 -56.1 | -1.44 -3.63 | -0.159 | 13.9 26.6 -0.322 27.8 | 41.3 -0.78 | 15.9
Hauptlauf c=0: gesamt 22.4 pa 7.0 vol 15.4 sharpe 0.52 mdd 14.0 treffer 17.1 mittelTagBp 3.15 se 2.95 t 1.07 Jahre 2023:-0.7 2024:23.7 2025:2.3 2026:-2.6 Anteile(log) 0.133/0.209/-0.140
Hauptlauf c=0,25: gesamt -34.8 pa -13.4 vol 15.9 sharpe -0.82 mdd 36.0 treffer 16.0 mittelTagBp -5.19 se 3.06 t -1.69 Jahre 2023:-6.3 2024:-0.4 2025:-16.6 2026:-16.3 Anteile(log) -0.110/-0.099/-0.220
Hauptlauf c=1,0: gesamt -90.2 pa -54.0 vol 17.5 sharpe -4.33 mdd 90.2 treffer 14.1 mittelTagBp -30.14 se 3.42 t -8.80 Jahre 2023:-21.1 2024:-48.0 2025:-54.8 2026:-47.0 Anteile(log) -0.838/-1.023/-0.458
Daten: {"QQQ":{"tage":2701,"kerzen":1048717,"ersterTag":"2016-01-04","letzterTag":"2026-09-30","gleichstaendeSchlussVwap":33,"zustaendeR2":{"0":398577,"1":374750,"-1":275390}},"SPY":{"tage":2701,"kerzen":1049506,"ersterTag":"2016-01-04","letzterTag":"2026-09-30","gleichstaendeSchlussVwap":39,"zustaendeR2":{"0":391965,"1":376387,"-1":281154}},"IWM":{"tage":2701,"kerzen":1049503,"ersterTag":"2016-01-04","letzterTag":"2026-09-30","gleichstaendeSchlussVwap":35,"zustaendeR2":{"0":401761,"1":348891,"-1":298851}}}
Ereignisse W-Papier und W-Vor (Regel Wert Fenster H n Mittel t):
R1 QQQ W-Vor H5 8264 0.03 0.5
R1 QQQ W-Vor H15 8095 0.05 0.6
R1 QQQ W-Vor H30 7839 0.20 1.9
R1 QQQ W-Vor H60 7385 -0.01 -0.1
R1 QQQ W-Papier H5 21571 0.16 2.2
R1 QQQ W-Papier H15 21165 0.16 1.8
R1 QQQ W-Papier H30 20652 0.23 2.2
R1 QQQ W-Papier H60 19655 0.28 2.2
R2 QQQ W-Vor H5 7020 0.01 0.1
R2 QQQ W-Vor H15 6850 0.04 0.2
R2 QQQ W-Vor H30 6592 -0.06 -0.2
R2 QQQ W-Vor H60 6115 -0.37 -0.8
R2 QQQ W-Papier H5 19522 0.04 0.4
R2 QQQ W-Papier H15 18974 0.30 1.4
R2 QQQ W-Papier H30 18340 0.55 1.8
R2 QQQ W-Papier H60 17079 0.52 1.1
R1 SPY W-Vor H5 8500 -0.06 -1.2
R1 SPY W-Vor H15 8328 -0.03 -0.6
R1 SPY W-Vor H30 8096 -0.02 -0.2
R1 SPY W-Vor H60 7632 -0.14 -1.6
R1 SPY W-Papier H5 23957 0.03 0.6
R1 SPY W-Papier H15 23417 -0.00 -0.0
R1 SPY W-Papier H30 22742 0.04 0.6
R1 SPY W-Papier H60 21535 0.15 1.7
R2 SPY W-Vor H5 7280 -0.05 -0.6
R2 SPY W-Vor H15 7110 0.14 0.9
R2 SPY W-Vor H30 6869 0.10 0.4
R2 SPY W-Vor H60 6350 -0.05 -0.1
R2 SPY W-Papier H5 20564 -0.14 -1.7
R2 SPY W-Papier H15 19968 -0.04 -0.3
R2 SPY W-Papier H30 19235 0.12 0.5
R2 SPY W-Papier H60 17900 0.44 1.2
R1 IWM W-Vor H5 8289 -0.04 -0.5
R1 IWM W-Vor H15 8131 -0.10 -1.0
R1 IWM W-Vor H30 7949 -0.03 -0.2
R1 IWM W-Vor H60 7619 -0.31 -2.4
R1 IWM W-Papier H5 22581 0.38 4.5
R1 IWM W-Papier H15 22081 0.34 3.3
R1 IWM W-Papier H30 21463 0.34 2.8
R1 IWM W-Papier H60 20358 0.39 2.9
R2 IWM W-Vor H5 7164 -0.09 -0.6
R2 IWM W-Vor H15 6997 -0.06 -0.2
R2 IWM W-Vor H30 6774 0.14 0.4
R2 IWM W-Vor H60 6307 0.04 0.1
R2 IWM W-Papier H5 20038 0.11 0.9
R2 IWM W-Papier H15 19470 0.13 0.6
R2 IWM W-Papier H30 18807 0.10 0.3
R2 IWM W-Papier H60 17474 0.13 0.3
