Trendkanal Tage: messen ueber  --tage tage-0 --tage tage-1 --tage tage-2 --tage tage-3, Start 09.09.2026  9:57:33,99 
2026-09-09T07:58:09.704Z  START trendkanal-tage-2026-09-08/v1/4x2x2x4x4x4+topf61+kurs | 7299 Reihen aus 7300 Tagesdateien (0 fremde Kennung) | Schluss c1 | Tage 2680 | Bestaetigung ab 2023-02-07 | geladen in 35407 ms
2026-09-09T07:58:16.186Z  TOPF 6076201 zulaessige Reihen-Tage (ohne Klasse 2967052, Massnahmen 1942) in 6476 ms
2026-09-09T07:58:25.880Z  200 Reihen, 33865 Signale, 10 s
2026-09-09T07:58:36.981Z  400 Reihen, 72518 Signale, 21 s
2026-09-09T07:58:44.547Z  600 Reihen, 104056 Signale, 28 s
2026-09-09T07:58:55.008Z  800 Reihen, 146360 Signale, 39 s
2026-09-09T07:59:03.917Z  1000 Reihen, 185760 Signale, 48 s
2026-09-09T07:59:12.417Z  1200 Reihen, 221310 Signale, 56 s
2026-09-09T07:59:20.865Z  1400 Reihen, 252928 Signale, 65 s
2026-09-09T07:59:31.723Z  1600 Reihen, 292756 Signale, 76 s
2026-09-09T07:59:41.813Z  1800 Reihen, 330860 Signale, 86 s
2026-09-09T07:59:51.737Z  2000 Reihen, 368004 Signale, 96 s
2026-09-09T08:00:00.231Z  2200 Reihen, 400519 Signale, 104 s
2026-09-09T08:00:11.183Z  2400 Reihen, 440649 Signale, 115 s
2026-09-09T08:00:20.798Z  2600 Reihen, 476633 Signale, 125 s
2026-09-09T08:00:29.279Z  2800 Reihen, 507820 Signale, 133 s
2026-09-09T08:00:38.177Z  3000 Reihen, 540845 Signale, 142 s
2026-09-09T08:00:48.088Z  3200 Reihen, 577665 Signale, 152 s
2026-09-09T08:00:57.274Z  3400 Reihen, 612268 Signale, 161 s
2026-09-09T08:01:06.439Z  3600 Reihen, 646477 Signale, 170 s
2026-09-09T08:01:16.492Z  3800 Reihen, 683629 Signale, 180 s
2026-09-09T08:01:24.924Z  4000 Reihen, 714636 Signale, 189 s
2026-09-09T08:01:34.882Z  4200 Reihen, 751332 Signale, 199 s
2026-09-09T08:01:45.651Z  4400 Reihen, 790888 Signale, 209 s
2026-09-09T08:01:54.051Z  4600 Reihen, 821903 Signale, 218 s
2026-09-09T08:02:03.351Z  4800 Reihen, 856770 Signale, 227 s
2026-09-09T08:02:13.003Z  5000 Reihen, 893204 Signale, 237 s
2026-09-09T08:02:23.315Z  5200 Reihen, 931095 Signale, 247 s
2026-09-09T08:02:31.011Z  5400 Reihen, 960437 Signale, 255 s
2026-09-09T08:02:41.354Z  5600 Reihen, 998942 Signale, 265 s
2026-09-09T08:02:50.421Z  5800 Reihen, 1032703 Signale, 274 s
2026-09-09T08:02:59.973Z  6000 Reihen, 1069401 Signale, 284 s
2026-09-09T08:03:08.478Z  6200 Reihen, 1101972 Signale, 292 s
2026-09-09T08:03:17.979Z  6400 Reihen, 1135400 Signale, 302 s
2026-09-09T08:03:28.758Z  6600 Reihen, 1170417 Signale, 313 s
2026-09-09T08:03:41.593Z  6800 Reihen, 1213755 Signale, 325 s
2026-09-09T08:03:51.296Z  7000 Reihen, 1249943 Signale, 335 s
2026-09-09T08:04:02.747Z  7200 Reihen, 1292504 Signale, 347 s
2026-09-09T08:04:07.844Z  ENDE vollstaendig | 7299 Reihen | 1306373 Signale (E1-Kandidaten 1657504, abgelehnt 244630; E2-Kandidaten 1699300; Cooldown 1805372) | K1 5123889/6072627 Linien, 4587280 ausgebaut | laden 35407 ms, Topf 6476 ms, messen 350326 ms
ERGEBNIS.md geschrieben nach C:\Users\Wilhe\Downloads\Stock-Dashboard\studien\vorregistrierung-2026-09-08-trendkanal-tage\voll | Konfigurationen 64 | k1 3 | k2 0 | handelbar 0 | Placebo gepoolt gefallen 6 | {"0 Signale":0,"kein Kandidat":61,"nicht entscheidbar":3,"widerlegt als Groesse":0,"belegt":0,"belegt-aber-nullpunkt-verschoben":0,"belegt, aber Marktzeit":0}
Ende 09.09.2026 10:04:11,07  (Rueckgabewert 0) 
