Tafel geladen: 9904017 Zeilen, 7338 Reihen, Kennung querschnitt-pruefstand-2026-09-13/panel/v2, 1 s
Monats-Signaltage: 128 (2016-01-29 .. 2026-08-31)
App-Symbole im Panel: 17 von 17

Klasse | Fenster | Monate | n/Monat | Dezil-sd | MDE80 Dezil | MDE80 L-S | MDE80 Hälften | Monate für 2 Pp (Dezil)
1 | 2017-2023 | 84 | 557.52 | 1.27 | 0.39 | 0.59 | 0.27 | 4
1 | 2017-2026 | 115 | 562.30 | 1.33 | 0.35 | 0.51 | 0.23 | 4
1 | 2020-2026 | 79 | 572.22 | 1.44 | 0.45 | 0.66 | 0.30 | 5
1 | 2023-2026 | 43 | 570.09 | 1.45 | 0.61 | 0.88 | 0.39 | 5
2 | 2017-2023 | 84 | 159.37 | 2.35 | 0.71 | 1.04 | 0.45 | 11
2 | 2017-2026 | 115 | 184.70 | 2.23 | 0.58 | 0.88 | 0.39 | 10
2 | 2020-2026 | 79 | 215.52 | 2.31 | 0.72 | 1.08 | 0.50 | 11
2 | 2023-2026 | 43 | 232.05 | 2.13 | 0.90 | 1.39 | 0.63 | 9
3 | 2017-2023 | 53 | 34.15 | 5.55 | 2.12 | 3.15 | 1.30 | 61
3 | 2017-2026 | 84 | 42.11 | 5.55 | 1.69 | 2.44 | 1.05 | 61
3 | 2020-2026 | 77 | 43.94 | 5.55 | 1.76 | 2.56 | 1.11 | 61
3 | 2023-2026 | 43 | 47.07 | 5.41 | 2.29 | 3.17 | 1.47 | 58
app | 2017-2023 | 84 | 15.68 | 6.40 | 1.94 | 2.89 | 1.31 | 81
app | 2017-2026 | 115 | 15.96 | 6.90 | 1.79 | 2.63 | 1.21 | 94
app | 2020-2026 | 79 | 16.15 | 7.35 | 2.30 | 3.41 | 1.55 | 107
app | 2023-2026 | 43 | 16.49 | 7.49 | 3.16 | 4.62 | 2.18 | 111
AAON: {"tag":"2026-08-03","klasse1":667,"aaonDrin":true,"naechste":["AAON","AAP","ACGL","ACHC","ACI","ACM","ACMR","ADC"]}
Dauer 2 s
