2026-09-07T09:34:06.751Z  START signale-minuten-2026-09-06/v4/13x3x3x4x3+kurs | 5 Reihen (7299 Aktien, ausgeschlossen {"ETF":694,"ETN":7,"ETV":35,"FUND":16,"ETS":4,"ohne Art":1,"TEST":1,"UNIT":1}) | 13 Detektoren | Tage 2680 | Bestaetigung ab 2023-02-07 | PILOT | Teil 0/4
2026-09-07T09:35:51.098Z  AAPL/2016       bereinigt    98041 reg. Kerzen  232/232/232 von 252  Tagen gewertet (1m/5m/15m)    11003 Signale  93 ms lesen  104252 ms rechnen
2026-09-07T09:37:45.054Z  AAPL/2017       bereinigt    97530 reg. Kerzen  251/251/251 von 251  Tagen gewertet (1m/5m/15m)    11114 Signale  97 ms lesen  113494 ms rechnen
2026-09-07T09:39:41.262Z  AAPL/2018       bereinigt    96572 reg. Kerzen  249/249/249 von 251  Tagen gewertet (1m/5m/15m)    12161 Signale  110 ms lesen  115781 ms rechnen
2026-09-07T09:41:35.774Z  AAPL/2019       bereinigt    97740 reg. Kerzen  252/252/252 von 252  Tagen gewertet (1m/5m/15m)    11896 Signale  107 ms lesen  114084 ms rechnen
2026-09-07T09:43:37.737Z  AAPL/2020       bereinigt    98254 reg. Kerzen  253/253/253 von 253  Tagen gewertet (1m/5m/15m)    13234 Signale  123 ms lesen  121508 ms rechnen
2026-09-07T09:45:36.346Z  AAPL/2021       roh          98100 reg. Kerzen  252/252/252 von 252  Tagen gewertet (1m/5m/15m)    12307 Signale  118 ms lesen  118188 ms rechnen
2026-09-07T09:47:37.512Z  AAPL/2022       roh          97710 reg. Kerzen  251/251/251 von 251  Tagen gewertet (1m/5m/15m)    13404 Signale  126 ms lesen  120708 ms rechnen
2026-09-07T09:49:30.199Z  AAPL/2023       roh          97140 reg. Kerzen  250/250/250 von 250  Tagen gewertet (1m/5m/15m)    11730 Signale  114 ms lesen  112232 ms rechnen
2026-09-07T09:51:23.813Z  AAPL/2024       roh          97740 reg. Kerzen  252/252/252 von 252  Tagen gewertet (1m/5m/15m)    11843 Signale  111 ms lesen  113185 ms rechnen
2026-09-07T09:53:21.925Z  AAPL/2025       roh          96960 reg. Kerzen  250/250/250 von 250  Tagen gewertet (1m/5m/15m)    12056 Signale  119 ms lesen  117660 ms rechnen
2026-09-07T09:54:40.620Z  AAPL/2026       roh          64740 reg. Kerzen  166/166/166 von 166  Tagen gewertet (1m/5m/15m)     8194 Signale  84 ms lesen  78277 ms rechnen
2026-09-07T09:54:53.506Z  ACCD/2020       roh          31825 reg. Kerzen   12/105/107 von 127  Tagen gewertet (1m/5m/15m)     3186 Signale  21 ms lesen  12646 ms rechnen
2026-09-07T09:56:06.248Z  ACCD/2021       roh          78727 reg. Kerzen  136/252/252 von 252  Tagen gewertet (1m/5m/15m)    11134 Signale  53 ms lesen  72570 ms rechnen
2026-09-07T09:57:38.194Z  ACCD/2022       roh          85833 reg. Kerzen  185/211/211 von 251  Tagen gewertet (1m/5m/15m)    11834 Signale  46 ms lesen  91646 ms rechnen
2026-09-07T09:58:12.950Z  ACCD/2023       roh          76350 reg. Kerzen   69/140/140 von 250  Tagen gewertet (1m/5m/15m)     5896 Signale  45 ms lesen  34430 ms rechnen
2026-09-07T09:58:39.113Z  ACCD/2024       roh          80043 reg. Kerzen     51/88/88 von 252  Tagen gewertet (1m/5m/15m)     4005 Signale  43 ms lesen  25855 ms rechnen
2026-09-07T09:58:52.377Z  ACCD/2025       roh          20709 reg. Kerzen     28/44/44 von 65   Tagen gewertet (1m/5m/15m)      972 Signale  14 ms lesen  13017 ms rechnen
2026-09-07T10:00:33.440Z  COST/2016       roh          97618 reg. Kerzen  232/232/232 von 252  Tagen gewertet (1m/5m/15m)    10548 Signale  61 ms lesen  100931 ms rechnen
2026-09-07T10:02:20.710Z  COST/2017       roh          96984 reg. Kerzen  251/251/251 von 251  Tagen gewertet (1m/5m/15m)    10854 Signale  54 ms lesen  106910 ms rechnen
2026-09-07T10:04:08.403Z  COST/2018       roh          95982 reg. Kerzen  249/249/249 von 251  Tagen gewertet (1m/5m/15m)    11788 Signale  57 ms lesen  107306 ms rechnen
2026-09-07T10:05:56.409Z  COST/2019       roh          97039 reg. Kerzen  252/252/252 von 252  Tagen gewertet (1m/5m/15m)    11327 Signale  61 ms lesen  107645 ms rechnen
2026-09-07T10:07:50.726Z  COST/2020       roh          97985 reg. Kerzen  253/253/253 von 253  Tagen gewertet (1m/5m/15m)    12083 Signale  64 ms lesen  113940 ms rechnen
2026-09-07T10:09:41.797Z  COST/2021       roh          97158 reg. Kerzen  252/252/252 von 252  Tagen gewertet (1m/5m/15m)    11492 Signale  68 ms lesen  110701 ms rechnen
2026-09-07T10:11:36.718Z  COST/2022       roh          96989 reg. Kerzen  251/251/251 von 251  Tagen gewertet (1m/5m/15m)    13017 Signale  58 ms lesen  114547 ms rechnen
2026-09-07T10:13:22.977Z  COST/2023       roh          94680 reg. Kerzen  250/250/250 von 250  Tagen gewertet (1m/5m/15m)    11457 Signale  54 ms lesen  105903 ms rechnen
2026-09-07T10:15:07.891Z  COST/2024       roh          93697 reg. Kerzen  252/252/252 von 252  Tagen gewertet (1m/5m/15m)    11386 Signale  55 ms lesen  104583 ms rechnen
2026-09-07T10:16:56.187Z  COST/2025       roh          93235 reg. Kerzen  250/250/250 von 250  Tagen gewertet (1m/5m/15m)    11693 Signale  58 ms lesen  107931 ms rechnen
2026-09-07T10:18:15.019Z  COST/2026       roh          64553 reg. Kerzen  166/166/166 von 166  Tagen gewertet (1m/5m/15m)     7886 Signale  46 ms lesen  78457 ms rechnen
2026-09-07T10:20:02.553Z  JPM/2016        roh          98091 reg. Kerzen  232/232/232 von 252  Tagen gewertet (1m/5m/15m)    11040 Signale  56 ms lesen  107241 ms rechnen
2026-09-07T10:21:57.247Z  JPM/2017        roh          97530 reg. Kerzen  251/251/251 von 251  Tagen gewertet (1m/5m/15m)    11371 Signale  71 ms lesen  114286 ms rechnen
2026-09-07T10:23:55.777Z  JPM/2018        roh          97350 reg. Kerzen  251/251/251 von 251  Tagen gewertet (1m/5m/15m)    12086 Signale  74 ms lesen  118099 ms rechnen
2026-09-07T10:25:51.292Z  JPM/2019        roh          97702 reg. Kerzen  252/252/252 von 252  Tagen gewertet (1m/5m/15m)    11713 Signale  59 ms lesen  115128 ms rechnen
2026-09-07T10:27:55.897Z  JPM/2020        roh          98253 reg. Kerzen  253/253/253 von 253  Tagen gewertet (1m/5m/15m)    13238 Signale  77 ms lesen  124184 ms rechnen
2026-09-07T10:29:56.273Z  JPM/2021        roh          97317 reg. Kerzen  250/250/250 von 252  Tagen gewertet (1m/5m/15m)    11760 Signale  76 ms lesen  119966 ms rechnen
2026-09-07T10:31:58.762Z  JPM/2022        roh          97321 reg. Kerzen  250/250/250 von 251  Tagen gewertet (1m/5m/15m)    12768 Signale  66 ms lesen  122113 ms rechnen
2026-09-07T10:33:56.353Z  JPM/2023        roh          97136 reg. Kerzen  250/250/250 von 250  Tagen gewertet (1m/5m/15m)    11673 Signale  61 ms lesen  117217 ms rechnen
2026-09-07T10:35:54.972Z  JPM/2024        roh          97740 reg. Kerzen  252/252/252 von 252  Tagen gewertet (1m/5m/15m)    11531 Signale  72 ms lesen  118209 ms rechnen
2026-09-07T10:37:53.619Z  JPM/2025        roh          96958 reg. Kerzen  250/250/250 von 250  Tagen gewertet (1m/5m/15m)    11917 Signale  60 ms lesen  118243 ms rechnen
2026-09-07T10:39:08.973Z  JPM/2026        roh          64740 reg. Kerzen  166/166/166 von 166  Tagen gewertet (1m/5m/15m)     8051 Signale  40 ms lesen  75015 ms rechnen
2026-09-07T10:40:49.648Z  PG/2016         roh          98084 reg. Kerzen  232/232/232 von 252  Tagen gewertet (1m/5m/15m)    10034 Signale  60 ms lesen  100362 ms rechnen
2026-09-07T10:42:36.163Z  PG/2017         roh          97522 reg. Kerzen  251/251/251 von 251  Tagen gewertet (1m/5m/15m)    10313 Signale  58 ms lesen  106150 ms rechnen
2026-09-07T10:44:25.572Z  PG/2018         roh          97333 reg. Kerzen  251/251/251 von 251  Tagen gewertet (1m/5m/15m)    11368 Signale  48 ms lesen  109017 ms rechnen
2026-09-07T10:46:13.053Z  PG/2019         roh          97588 reg. Kerzen  252/252/252 von 252  Tagen gewertet (1m/5m/15m)    11089 Signale  68 ms lesen  107125 ms rechnen
2026-09-07T10:48:07.410Z  PG/2020         roh          98228 reg. Kerzen  253/253/253 von 253  Tagen gewertet (1m/5m/15m)    12069 Signale  68 ms lesen  113946 ms rechnen
2026-09-07T10:49:58.313Z  PG/2021         roh          97304 reg. Kerzen  250/250/250 von 252  Tagen gewertet (1m/5m/15m)    10884 Signale  54 ms lesen  110497 ms rechnen
2026-09-07T10:51:49.042Z  PG/2022         roh          96979 reg. Kerzen  249/249/249 von 251  Tagen gewertet (1m/5m/15m)    11853 Signale  60 ms lesen  110360 ms rechnen
2026-09-07T10:53:37.893Z  PG/2023         roh          97131 reg. Kerzen  250/250/250 von 250  Tagen gewertet (1m/5m/15m)    10967 Signale  64 ms lesen  108492 ms rechnen
2026-09-07T10:55:27.813Z  PG/2024         roh          97732 reg. Kerzen  252/252/252 von 252  Tagen gewertet (1m/5m/15m)    10723 Signale  67 ms lesen  109562 ms rechnen
2026-09-07T10:57:16.530Z  PG/2025         roh          96951 reg. Kerzen  250/250/250 von 250  Tagen gewertet (1m/5m/15m)    11343 Signale  65 ms lesen  108338 ms rechnen
2026-09-07T10:58:31.359Z  PG/2026         roh          64721 reg. Kerzen  166/166/166 von 166  Tagen gewertet (1m/5m/15m)     7870 Signale  48 ms lesen  74448 ms rechnen
2026-09-07T10:58:33.114Z  ENDE vollstaendig | 50 Dateien | 0.29 GB | 4.519.645 reg. Kerzen | lesen 3 s, rechnen 5046 s | ausgelassen 0 | Detektorfehler {}
