2026-09-07T09:34:06.804Z  START signale-minuten-2026-09-06/v4/13x3x3x4x3+kurs | 5 Reihen (7299 Aktien, ausgeschlossen {"ETF":694,"ETN":7,"ETV":35,"FUND":16,"ETS":4,"ohne Art":1,"TEST":1,"UNIT":1}) | 13 Detektoren | Tage 2680 | Bestaetigung ab 2023-02-07 | PILOT | Teil 3/4
2026-09-07T09:34:06.973Z  AC/2016         roh          12148 reg. Kerzen        0/0/0 von 252  Tagen gewertet (1m/5m/15m)        0 Signale  10 ms lesen  156 ms rechnen
2026-09-07T09:34:07.138Z  AC/2017         roh           9699 reg. Kerzen        0/0/0 von 251  Tagen gewertet (1m/5m/15m)        0 Signale  6 ms lesen  120 ms rechnen
2026-09-07T09:34:07.247Z  AC/2018         roh           7916 reg. Kerzen        0/0/0 von 251  Tagen gewertet (1m/5m/15m)        0 Signale  6 ms lesen  83 ms rechnen
2026-09-07T09:34:07.306Z  AC/2019         roh           2891 reg. Kerzen        0/0/0 von 251  Tagen gewertet (1m/5m/15m)        0 Signale  2 ms lesen  41 ms rechnen
2026-09-07T09:34:07.388Z  AC/2020         roh           7862 reg. Kerzen        0/0/0 von 253  Tagen gewertet (1m/5m/15m)        0 Signale  5 ms lesen  69 ms rechnen
2026-09-07T09:34:07.498Z  AC/2021         roh           6991 reg. Kerzen        0/0/0 von 249  Tagen gewertet (1m/5m/15m)        0 Signale  5 ms lesen  78 ms rechnen
2026-09-07T09:34:07.569Z  AC/2022         roh           2881 reg. Kerzen        0/0/0 von 245  Tagen gewertet (1m/5m/15m)        0 Signale  3 ms lesen  48 ms rechnen
2026-09-07T09:34:07.627Z  AC/2023         roh           3434 reg. Kerzen        0/0/0 von 250  Tagen gewertet (1m/5m/15m)        0 Signale  4 ms lesen  45 ms rechnen
2026-09-07T09:34:07.679Z  AC/2024         roh           2777 reg. Kerzen        0/0/0 von 252  Tagen gewertet (1m/5m/15m)        0 Signale  3 ms lesen  42 ms rechnen
2026-09-07T09:34:07.714Z  AC/2025         roh           1821 reg. Kerzen        0/0/0 von 168  Tagen gewertet (1m/5m/15m)        0 Signale  2 ms lesen  23 ms rechnen
2026-09-07T09:34:12.165Z  COKE/2016       bereinigt    25819 reg. Kerzen     0/40/194 von 252  Tagen gewertet (1m/5m/15m)     2327 Signale  17 ms lesen  4426 ms rechnen
2026-09-07T09:34:14.063Z  COKE/2017       bereinigt    15891 reg. Kerzen      0/3/104 von 251  Tagen gewertet (1m/5m/15m)      960 Signale  13 ms lesen  1788 ms rechnen
2026-09-07T09:34:17.241Z  COKE/2018       bereinigt    19702 reg. Kerzen     0/11/156 von 251  Tagen gewertet (1m/5m/15m)     1569 Signale  15 ms lesen  3112 ms rechnen
2026-09-07T09:34:21.267Z  COKE/2019       bereinigt    21278 reg. Kerzen     0/23/177 von 252  Tagen gewertet (1m/5m/15m)     1908 Signale  16 ms lesen  3936 ms rechnen
2026-09-07T09:34:23.858Z  COKE/2020       bereinigt    15375 reg. Kerzen     0/15/105 von 253  Tagen gewertet (1m/5m/15m)     1218 Signale  13 ms lesen  2501 ms rechnen
2026-09-07T09:34:24.424Z  COKE/2021       bereinigt     9721 reg. Kerzen       0/0/29 von 252  Tagen gewertet (1m/5m/15m)      262 Signale  8 ms lesen  502 ms rechnen
2026-09-07T09:34:26.625Z  COKE/2022       bereinigt    13755 reg. Kerzen      0/7/119 von 251  Tagen gewertet (1m/5m/15m)     1131 Signale  8 ms lesen  2158 ms rechnen
2026-09-07T09:34:27.694Z  COKE/2023       bereinigt    10644 reg. Kerzen       0/0/70 von 250  Tagen gewertet (1m/5m/15m)      584 Signale  9 ms lesen  1017 ms rechnen
2026-09-07T09:34:28.790Z  COKE/2024       bereinigt     9881 reg. Kerzen       0/0/70 von 252  Tagen gewertet (1m/5m/15m)      609 Signale  8 ms lesen  1051 ms rechnen
2026-09-07T09:34:45.199Z  COKE/2025       bereinigt    43810 reg. Kerzen   22/153/184 von 250  Tagen gewertet (1m/5m/15m)     4729 Signale  30 ms lesen  16343 ms rechnen
2026-09-07T09:35:01.677Z  COKE/2026       roh          40609 reg. Kerzen   17/166/166 von 166  Tagen gewertet (1m/5m/15m)     4971 Signale  31 ms lesen  16297 ms rechnen
2026-09-07T09:36:46.168Z  HD/2016         roh          98058 reg. Kerzen  232/232/232 von 252  Tagen gewertet (1m/5m/15m)    10732 Signale  71 ms lesen  104277 ms rechnen
2026-09-07T09:38:36.810Z  HD/2017         roh          97498 reg. Kerzen  251/251/251 von 251  Tagen gewertet (1m/5m/15m)    10780 Signale  64 ms lesen  110249 ms rechnen
2026-09-07T09:40:32.078Z  HD/2018         roh          97309 reg. Kerzen  251/251/251 von 251  Tagen gewertet (1m/5m/15m)    12065 Signale  68 ms lesen  114875 ms rechnen
2026-09-07T09:42:24.824Z  HD/2019         roh          97660 reg. Kerzen  252/252/252 von 252  Tagen gewertet (1m/5m/15m)    11610 Signale  75 ms lesen  112368 ms rechnen
2026-09-07T09:44:25.113Z  HD/2020         roh          98222 reg. Kerzen  253/253/253 von 253  Tagen gewertet (1m/5m/15m)    12736 Signale  71 ms lesen  119888 ms rechnen
2026-09-07T09:46:19.403Z  HD/2021         roh          97220 reg. Kerzen  250/250/250 von 252  Tagen gewertet (1m/5m/15m)    11602 Signale  65 ms lesen  113887 ms rechnen
2026-09-07T09:48:17.560Z  HD/2022         roh          97267 reg. Kerzen  250/250/250 von 251  Tagen gewertet (1m/5m/15m)    13152 Signale  70 ms lesen  117778 ms rechnen
2026-09-07T09:50:08.352Z  HD/2023         roh          97015 reg. Kerzen  250/250/250 von 250  Tagen gewertet (1m/5m/15m)    11727 Signale  62 ms lesen  110414 ms rechnen
2026-09-07T09:52:00.196Z  HD/2024         roh          97382 reg. Kerzen  252/252/252 von 252  Tagen gewertet (1m/5m/15m)    11668 Signale  56 ms lesen  111459 ms rechnen
2026-09-07T09:53:54.412Z  HD/2025         roh          96545 reg. Kerzen  250/250/250 von 250  Tagen gewertet (1m/5m/15m)    11916 Signale  63 ms lesen  113814 ms rechnen
2026-09-07T09:55:12.548Z  HD/2026         roh          64735 reg. Kerzen  166/166/166 von 166  Tagen gewertet (1m/5m/15m)     8237 Signale  48 ms lesen  77774 ms rechnen
2026-09-07T09:56:59.597Z  NVDA/2016       bereinigt    98039 reg. Kerzen  232/232/232 von 252  Tagen gewertet (1m/5m/15m)    12058 Signale  76 ms lesen  106742 ms rechnen
2026-09-07T09:58:56.526Z  NVDA/2017       bereinigt    97530 reg. Kerzen  251/251/251 von 251  Tagen gewertet (1m/5m/15m)    13166 Signale  88 ms lesen  116510 ms rechnen
2026-09-07T10:00:55.751Z  NVDA/2018       bereinigt    96571 reg. Kerzen  249/249/249 von 251  Tagen gewertet (1m/5m/15m)    13474 Signale  88 ms lesen  118839 ms rechnen
2026-09-07T10:02:52.778Z  NVDA/2019       bereinigt    97739 reg. Kerzen  252/252/252 von 252  Tagen gewertet (1m/5m/15m)    13320 Signale  89 ms lesen  116631 ms rechnen
2026-09-07T10:04:55.524Z  NVDA/2020       bereinigt    98252 reg. Kerzen  253/253/253 von 253  Tagen gewertet (1m/5m/15m)    14007 Signale  101 ms lesen  122352 ms rechnen
2026-09-07T10:06:56.822Z  NVDA/2021       bereinigt    98095 reg. Kerzen  252/252/252 von 252  Tagen gewertet (1m/5m/15m)    13642 Signale  109 ms lesen  120845 ms rechnen
2026-09-07T10:09:06.885Z  NVDA/2022       bereinigt    97710 reg. Kerzen  251/251/251 von 251  Tagen gewertet (1m/5m/15m)    14721 Signale  118 ms lesen  129605 ms rechnen
2026-09-07T10:11:06.495Z  NVDA/2023       bereinigt    97140 reg. Kerzen  250/250/250 von 250  Tagen gewertet (1m/5m/15m)    13684 Signale  129 ms lesen  119134 ms rechnen
2026-09-07T10:13:08.667Z  NVDA/2024       bereinigt    97740 reg. Kerzen  252/252/252 von 252  Tagen gewertet (1m/5m/15m)    13844 Signale  143 ms lesen  121710 ms rechnen
2026-09-07T10:15:08.084Z  NVDA/2025       roh          96960 reg. Kerzen  250/250/250 von 250  Tagen gewertet (1m/5m/15m)    13229 Signale  143 ms lesen  118959 ms rechnen
2026-09-07T10:16:27.355Z  NVDA/2026       roh          64740 reg. Kerzen  166/166/166 von 166  Tagen gewertet (1m/5m/15m)     8844 Signale  89 ms lesen  78850 ms rechnen
2026-09-07T10:18:14.612Z  XOM/2016        roh          98090 reg. Kerzen  232/232/232 von 252  Tagen gewertet (1m/5m/15m)    10783 Signale  61 ms lesen  106973 ms rechnen
2026-09-07T10:20:08.561Z  XOM/2017        roh          97529 reg. Kerzen  251/251/251 von 251  Tagen gewertet (1m/5m/15m)    10537 Signale  59 ms lesen  113561 ms rechnen
2026-09-07T10:22:03.890Z  XOM/2018        roh          97347 reg. Kerzen  251/251/251 von 251  Tagen gewertet (1m/5m/15m)    11753 Signale  67 ms lesen  114942 ms rechnen
2026-09-07T10:23:58.900Z  XOM/2019        roh          97693 reg. Kerzen  252/252/252 von 252  Tagen gewertet (1m/5m/15m)    11486 Signale  64 ms lesen  114619 ms rechnen
2026-09-07T10:26:06.734Z  XOM/2020        roh          98246 reg. Kerzen  253/253/253 von 253  Tagen gewertet (1m/5m/15m)    13567 Signale  94 ms lesen  127414 ms rechnen
2026-09-07T10:28:07.225Z  XOM/2021        roh          97317 reg. Kerzen  250/250/250 von 252  Tagen gewertet (1m/5m/15m)    12633 Signale  89 ms lesen  120068 ms rechnen
2026-09-07T10:30:11.040Z  XOM/2022        roh          96946 reg. Kerzen  249/249/249 von 251  Tagen gewertet (1m/5m/15m)    13122 Signale  75 ms lesen  123423 ms rechnen
2026-09-07T10:32:10.690Z  XOM/2023        roh          97130 reg. Kerzen  250/250/250 von 250  Tagen gewertet (1m/5m/15m)    12259 Signale  64 ms lesen  119278 ms rechnen
2026-09-07T10:34:08.239Z  XOM/2024        roh          97740 reg. Kerzen  252/252/252 von 252  Tagen gewertet (1m/5m/15m)    11750 Signale  96 ms lesen  117123 ms rechnen
2026-09-07T10:36:07.228Z  XOM/2025        roh          96959 reg. Kerzen  250/250/250 von 250  Tagen gewertet (1m/5m/15m)    11811 Signale  74 ms lesen  118618 ms rechnen
2026-09-07T10:37:27.037Z  XOM/2026        roh          64736 reg. Kerzen  166/166/166 von 166  Tagen gewertet (1m/5m/15m)     8307 Signale  58 ms lesen  79401 ms rechnen
2026-09-07T10:37:28.803Z  ENDE vollstaendig | 54 Dateien | 0.25 GB | 3.404.065 reg. Kerzen | lesen 3 s, rechnen 3786 s | ausgelassen 0 | Detektorfehler {}
