
!!! WERTPAPIERART: Referenzkarte vorhanden, aber ohne Eintrag fuer GCI (erster Fall dieses Laufs; weitere werden nicht gemeldet) - solche Symbole fallen STILL aus dem Universum heraus.

2026-09-07T06:13:55.019Z  START signale-minuten-2026-09-06/v3/13x3x3x4x3 | 5 Reihen (7299 Aktien, ausgeschlossen {"ETF":694,"ETN":7,"ETV":35,"FUND":16,"ETS":4,"ohne Art":1,"TEST":1,"UNIT":1}) | 13 Detektoren | Tage 2680 | Bestaetigung ab 2023-02-07 | PILOT | Teil 3/4
2026-09-07T06:13:55.190Z  AC/2016         roh          12148 reg. Kerzen        0/0/0 von 252  Tagen gewertet (1m/5m/15m)        0 Signale  8 ms lesen  161 ms rechnen
2026-09-07T06:13:55.362Z  AC/2017         roh           9699 reg. Kerzen        0/0/0 von 251  Tagen gewertet (1m/5m/15m)        0 Signale  7 ms lesen  110 ms rechnen
2026-09-07T06:13:55.477Z  AC/2018         roh           7916 reg. Kerzen        0/0/0 von 251  Tagen gewertet (1m/5m/15m)        0 Signale  7 ms lesen  83 ms rechnen
2026-09-07T06:13:55.550Z  AC/2019         roh           2891 reg. Kerzen        0/0/0 von 251  Tagen gewertet (1m/5m/15m)        0 Signale  2 ms lesen  41 ms rechnen
2026-09-07T06:13:55.650Z  AC/2020         roh           7862 reg. Kerzen        0/0/0 von 253  Tagen gewertet (1m/5m/15m)        0 Signale  5 ms lesen  88 ms rechnen
2026-09-07T06:13:55.758Z  AC/2021         roh           6991 reg. Kerzen        0/0/0 von 249  Tagen gewertet (1m/5m/15m)        0 Signale  4 ms lesen  85 ms rechnen
2026-09-07T06:13:55.816Z  AC/2022         roh           2881 reg. Kerzen        0/0/0 von 245  Tagen gewertet (1m/5m/15m)        0 Signale  2 ms lesen  38 ms rechnen
2026-09-07T06:13:55.875Z  AC/2023         roh           3434 reg. Kerzen        0/0/0 von 250  Tagen gewertet (1m/5m/15m)        0 Signale  2 ms lesen  47 ms rechnen
2026-09-07T06:13:55.926Z  AC/2024         roh           2777 reg. Kerzen        0/0/0 von 252  Tagen gewertet (1m/5m/15m)        0 Signale  2 ms lesen  36 ms rechnen
2026-09-07T06:13:55.974Z  AC/2025         roh           1821 reg. Kerzen        0/0/0 von 168  Tagen gewertet (1m/5m/15m)        0 Signale  2 ms lesen  33 ms rechnen
2026-09-07T06:14:00.478Z  COKE/2016       bereinigt    25819 reg. Kerzen     0/40/194 von 252  Tagen gewertet (1m/5m/15m)     2327 Signale  14 ms lesen  4484 ms rechnen
2026-09-07T06:14:02.410Z  COKE/2017       bereinigt    15891 reg. Kerzen      0/3/104 von 251  Tagen gewertet (1m/5m/15m)      960 Signale  12 ms lesen  1830 ms rechnen
2026-09-07T06:14:05.699Z  COKE/2018       bereinigt    19702 reg. Kerzen     0/11/156 von 251  Tagen gewertet (1m/5m/15m)     1569 Signale  16 ms lesen  3211 ms rechnen
2026-09-07T06:14:09.849Z  COKE/2019       bereinigt    21278 reg. Kerzen     0/23/177 von 252  Tagen gewertet (1m/5m/15m)     1908 Signale  16 ms lesen  4073 ms rechnen
2026-09-07T06:14:12.561Z  COKE/2020       bereinigt    15375 reg. Kerzen     0/15/105 von 253  Tagen gewertet (1m/5m/15m)     1218 Signale  13 ms lesen  2625 ms rechnen
2026-09-07T06:14:13.153Z  COKE/2021       bereinigt     9721 reg. Kerzen       0/0/29 von 252  Tagen gewertet (1m/5m/15m)      262 Signale  8 ms lesen  528 ms rechnen
2026-09-07T06:14:15.434Z  COKE/2022       bereinigt    13755 reg. Kerzen      0/7/119 von 251  Tagen gewertet (1m/5m/15m)     1131 Signale  11 ms lesen  2242 ms rechnen
2026-09-07T06:14:16.492Z  COKE/2023       bereinigt    10644 reg. Kerzen       0/0/70 von 250  Tagen gewertet (1m/5m/15m)      584 Signale  8 ms lesen  994 ms rechnen
2026-09-07T06:14:17.659Z  COKE/2024       bereinigt     9881 reg. Kerzen       0/0/70 von 252  Tagen gewertet (1m/5m/15m)      609 Signale  9 ms lesen  1111 ms rechnen
2026-09-07T06:14:34.445Z  COKE/2025       bereinigt    43810 reg. Kerzen   22/153/184 von 250  Tagen gewertet (1m/5m/15m)     4729 Signale  28 ms lesen  16718 ms rechnen
2026-09-07T06:14:51.335Z  COKE/2026       roh          40609 reg. Kerzen   17/166/166 von 166  Tagen gewertet (1m/5m/15m)     4971 Signale  29 ms lesen  16717 ms rechnen
