2026-09-07T06:13:54.977Z  START signale-minuten-2026-09-06/v3/13x3x3x4x3 | 5 Reihen (7299 Aktien, ausgeschlossen {"ETF":694,"ETN":7,"ETV":35,"FUND":16,"ETS":4,"ohne Art":1,"TEST":1,"UNIT":1}) | 13 Detektoren | Tage 2680 | Bestaetigung ab 2023-02-07 | PILOT | Teil 1/4
2026-09-07T06:13:55.111Z  AATC/2016       roh           8823 reg. Kerzen        0/0/0 von 250  Tagen gewertet (1m/5m/15m)        0 Signale  9 ms lesen  122 ms rechnen
2026-09-07T06:13:55.216Z  AATC/2017       roh           4157 reg. Kerzen        0/0/0 von 251  Tagen gewertet (1m/5m/15m)        0 Signale  3 ms lesen  70 ms rechnen
2026-09-07T06:13:55.297Z  AATC/2018       roh           4853 reg. Kerzen        0/0/0 von 251  Tagen gewertet (1m/5m/15m)        0 Signale  4 ms lesen  61 ms rechnen
2026-09-07T06:13:55.363Z  AATC/2019       roh           1342 reg. Kerzen        0/0/0 von 228  Tagen gewertet (1m/5m/15m)        0 Signale  1 ms lesen  25 ms rechnen
2026-09-07T06:13:55.423Z  AATC/2020       roh           4709 reg. Kerzen        0/0/0 von 251  Tagen gewertet (1m/5m/15m)        0 Signale  3 ms lesen  52 ms rechnen
2026-09-07T06:13:56.231Z  AATC/2021       roh          16526 reg. Kerzen      0/10/11 von 252  Tagen gewertet (1m/5m/15m)      292 Signale  11 ms lesen  782 ms rechnen
2026-09-07T06:13:56.344Z  AATC/2022       roh           5517 reg. Kerzen        0/0/0 von 250  Tagen gewertet (1m/5m/15m)        0 Signale  5 ms lesen  63 ms rechnen
2026-09-07T06:13:56.361Z  AUSGELASSEN AATC/2023: Datei fehlt
2026-09-07T06:13:56.377Z  AUSGELASSEN AATC/2024: Datei fehlt
2026-09-07T06:13:56.377Z  AUSGELASSEN AATC/2025: Datei fehlt
2026-09-07T06:13:56.787Z  ADAP/2016       roh          45570 reg. Kerzen        0/0/0 von 252  Tagen gewertet (1m/5m/15m)        0 Signale  23 ms lesen  386 ms rechnen
2026-09-07T06:13:57.291Z  ADAP/2017       roh          48063 reg. Kerzen        0/0/0 von 251  Tagen gewertet (1m/5m/15m)        0 Signale  21 ms lesen  358 ms rechnen
2026-09-07T06:14:08.425Z  ADAP/2018       roh          66831 reg. Kerzen     17/48/48 von 251  Tagen gewertet (1m/5m/15m)     1838 Signale  31 ms lesen  10992 ms rechnen
2026-09-07T06:14:09.324Z  ADAP/2019       roh          54645 reg. Kerzen        0/0/0 von 252  Tagen gewertet (1m/5m/15m)        0 Signale  27 ms lesen  626 ms rechnen
2026-09-07T06:14:52.543Z  ADAP/2020       roh          71433 reg. Kerzen   79/128/128 von 253  Tagen gewertet (1m/5m/15m)     6019 Signale  44 ms lesen  42978 ms rechnen
2026-09-07T06:15:16.833Z  ADAP/2021       roh          73198 reg. Kerzen     45/72/72 von 252  Tagen gewertet (1m/5m/15m)     3485 Signale  47 ms lesen  24001 ms rechnen
2026-09-07T06:15:17.719Z  ADAP/2022       roh          52694 reg. Kerzen        0/0/0 von 251  Tagen gewertet (1m/5m/15m)        0 Signale  35 ms lesen  606 ms rechnen
2026-09-07T06:15:18.568Z  ADAP/2023       roh          52662 reg. Kerzen        0/0/0 von 250  Tagen gewertet (1m/5m/15m)        0 Signale  25 ms lesen  636 ms rechnen
2026-09-07T06:15:19.599Z  ADAP/2024       roh          69211 reg. Kerzen        0/0/0 von 252  Tagen gewertet (1m/5m/15m)        0 Signale  45 ms lesen  822 ms rechnen
2026-09-07T06:15:27.950Z  ADAP/2025       roh          54441 reg. Kerzen     13/13/13 von 205  Tagen gewertet (1m/5m/15m)      801 Signale  46 ms lesen  8087 ms rechnen
2026-09-07T06:15:28.465Z  CRVL/2016       bereinigt    25207 reg. Kerzen        0/0/0 von 252  Tagen gewertet (1m/5m/15m)        0 Signale  15 ms lesen  308 ms rechnen
2026-09-07T06:15:28.785Z  CRVL/2017       bereinigt    15109 reg. Kerzen        0/0/0 von 251  Tagen gewertet (1m/5m/15m)        0 Signale  15 ms lesen  213 ms rechnen
2026-09-07T06:15:29.015Z  CRVL/2018       bereinigt    13078 reg. Kerzen        0/0/0 von 251  Tagen gewertet (1m/5m/15m)        0 Signale  12 ms lesen  161 ms rechnen
2026-09-07T06:15:31.829Z  CRVL/2019       bereinigt    24999 reg. Kerzen      0/33/79 von 252  Tagen gewertet (1m/5m/15m)     1272 Signale  20 ms lesen  2759 ms rechnen
2026-09-07T06:15:32.202Z  CRVL/2020       bereinigt    21932 reg. Kerzen        0/0/0 von 253  Tagen gewertet (1m/5m/15m)        0 Signale  14 ms lesen  265 ms rechnen
2026-09-07T06:15:32.528Z  CRVL/2021       bereinigt    13235 reg. Kerzen        0/0/5 von 252  Tagen gewertet (1m/5m/15m)       39 Signale  11 ms lesen  242 ms rechnen
2026-09-07T06:15:33.809Z  CRVL/2022       bereinigt    14666 reg. Kerzen       0/1/58 von 251  Tagen gewertet (1m/5m/15m)      529 Signale  13 ms lesen  1220 ms rechnen
2026-09-07T06:15:35.013Z  CRVL/2023       bereinigt    12340 reg. Kerzen       0/1/59 von 250  Tagen gewertet (1m/5m/15m)      520 Signale  10 ms lesen  1141 ms rechnen
2026-09-07T06:15:35.348Z  CRVL/2024       bereinigt     7776 reg. Kerzen       0/1/11 von 252  Tagen gewertet (1m/5m/15m)       94 Signale  7 ms lesen  282 ms rechnen
2026-09-07T06:15:42.376Z  CRVL/2025       roh          27037 reg. Kerzen     0/68/239 von 250  Tagen gewertet (1m/5m/15m)     3289 Signale  14 ms lesen  6981 ms rechnen
2026-09-07T06:15:50.244Z  CRVL/2026       roh          23447 reg. Kerzen    0/113/166 von 166  Tagen gewertet (1m/5m/15m)     3445 Signale  17 ms lesen  7756 ms rechnen
2026-09-07T06:17:35.784Z  MSFT/2016       roh          98041 reg. Kerzen  232/232/232 von 252  Tagen gewertet (1m/5m/15m)    10932 Signale  77 ms lesen  105380 ms rechnen
2026-09-07T06:19:23.166Z  MSFT/2017       roh          97530 reg. Kerzen  251/251/251 von 251  Tagen gewertet (1m/5m/15m)    11027 Signale  69 ms lesen  106971 ms rechnen
2026-09-07T06:21:14.244Z  MSFT/2018       roh          96572 reg. Kerzen  249/249/249 von 251  Tagen gewertet (1m/5m/15m)    12387 Signale  85 ms lesen  110669 ms rechnen
2026-09-07T06:23:01.966Z  MSFT/2019       roh          97740 reg. Kerzen  252/252/252 von 252  Tagen gewertet (1m/5m/15m)    11549 Signale  73 ms lesen  107352 ms rechnen
2026-09-07T06:25:00.485Z  MSFT/2020       roh          98254 reg. Kerzen  253/253/253 von 253  Tagen gewertet (1m/5m/15m)    12987 Signale  88 ms lesen  118119 ms rechnen
2026-09-07T06:26:51.954Z  MSFT/2021       roh          98100 reg. Kerzen  252/252/252 von 252  Tagen gewertet (1m/5m/15m)    11667 Signale  94 ms lesen  111043 ms rechnen
2026-09-07T06:28:47.545Z  MSFT/2022       roh          97710 reg. Kerzen  251/251/251 von 251  Tagen gewertet (1m/5m/15m)    13178 Signale  98 ms lesen  115203 ms rechnen
2026-09-07T06:30:40.446Z  MSFT/2023       roh          97140 reg. Kerzen  250/250/250 von 250  Tagen gewertet (1m/5m/15m)    12209 Signale  104 ms lesen  112475 ms rechnen
2026-09-07T06:32:30.027Z  MSFT/2024       roh          97740 reg. Kerzen  252/252/252 von 252  Tagen gewertet (1m/5m/15m)    11606 Signale  103 ms lesen  109195 ms rechnen
2026-09-07T06:34:22.608Z  MSFT/2025       roh          96960 reg. Kerzen  250/250/250 von 250  Tagen gewertet (1m/5m/15m)    11632 Signale  104 ms lesen  112157 ms rechnen
2026-09-07T06:35:40.027Z  MSFT/2026       roh          64740 reg. Kerzen  166/166/166 von 166  Tagen gewertet (1m/5m/15m)     8363 Signale  96 ms lesen  77025 ms rechnen
2026-09-07T06:37:22.834Z  UNH/2016        roh          98020 reg. Kerzen  232/232/232 von 252  Tagen gewertet (1m/5m/15m)    10737 Signale  60 ms lesen  102536 ms rechnen
2026-09-07T06:39:11.330Z  UNH/2017        roh          97292 reg. Kerzen  251/251/251 von 251  Tagen gewertet (1m/5m/15m)    11003 Signale  61 ms lesen  108101 ms rechnen
2026-09-07T06:41:02.434Z  UNH/2018        roh          97161 reg. Kerzen  251/251/251 von 251  Tagen gewertet (1m/5m/15m)    11981 Signale  663 ms lesen  110085 ms rechnen
2026-09-07T06:42:53.929Z  UNH/2019        roh          97612 reg. Kerzen  252/252/252 von 252  Tagen gewertet (1m/5m/15m)    12251 Signale  655 ms lesen  110528 ms rechnen
2026-09-07T06:44:53.441Z  UNH/2020        roh          98132 reg. Kerzen  253/253/253 von 253  Tagen gewertet (1m/5m/15m)    13099 Signale  106 ms lesen  119070 ms rechnen
2026-09-07T06:46:42.929Z  UNH/2021        roh          96833 reg. Kerzen  250/250/250 von 252  Tagen gewertet (1m/5m/15m)    11651 Signale  100 ms lesen  109059 ms rechnen
2026-09-07T06:48:37.193Z  UNH/2022        roh          96637 reg. Kerzen  249/249/249 von 251  Tagen gewertet (1m/5m/15m)    12426 Signale  643 ms lesen  113294 ms rechnen
2026-09-07T06:50:27.267Z  UNH/2023        roh          96645 reg. Kerzen  250/250/250 von 250  Tagen gewertet (1m/5m/15m)    11681 Signale  665 ms lesen  109064 ms rechnen
2026-09-07T06:52:18.429Z  UNH/2024        roh          97158 reg. Kerzen  252/252/252 von 252  Tagen gewertet (1m/5m/15m)    12018 Signale  668 ms lesen  110191 ms rechnen
2026-09-07T06:54:14.677Z  UNH/2025        roh          96921 reg. Kerzen  250/250/250 von 250  Tagen gewertet (1m/5m/15m)    12872 Signale  666 ms lesen  115267 ms rechnen
2026-09-07T06:55:32.687Z  UNH/2026        roh          64740 reg. Kerzen  166/166/166 von 166  Tagen gewertet (1m/5m/15m)     8298 Signale  667 ms lesen  77017 ms rechnen
2026-09-07T06:55:34.272Z  ENDE vollstaendig | 50 Dateien | 0.18 GB | 2.911.179 reg. Kerzen | lesen 6 s, rechnen 2482 s | ausgelassen 3 | Detektorfehler {}
