2026-09-07T06:13:54.960Z  START signale-minuten-2026-09-06/v3/13x3x3x4x3 | 5 Reihen (7299 Aktien, ausgeschlossen {"ETF":694,"ETN":7,"ETV":35,"FUND":16,"ETS":4,"ohne Art":1,"TEST":1,"UNIT":1}) | 13 Detektoren | Tage 2680 | Bestaetigung ab 2023-02-07 | PILOT | Teil 0/4
2026-09-07T06:15:38.930Z  AAPL/2016       bereinigt    98041 reg. Kerzen  232/232/232 von 252  Tagen gewertet (1m/5m/15m)    11003 Signale  89 ms lesen  103879 ms rechnen
2026-09-07T06:17:32.580Z  AAPL/2017       bereinigt    97530 reg. Kerzen  251/251/251 von 251  Tagen gewertet (1m/5m/15m)    11114 Signale  86 ms lesen  113200 ms rechnen
2026-09-07T06:19:25.914Z  AAPL/2018       bereinigt    96572 reg. Kerzen  249/249/249 von 251  Tagen gewertet (1m/5m/15m)    12161 Signale  100 ms lesen  112906 ms rechnen
2026-09-07T06:21:15.522Z  AAPL/2019       bereinigt    97740 reg. Kerzen  252/252/252 von 252  Tagen gewertet (1m/5m/15m)    11896 Signale  89 ms lesen  109215 ms rechnen
2026-09-07T06:23:12.836Z  AAPL/2020       bereinigt    98254 reg. Kerzen  253/253/253 von 253  Tagen gewertet (1m/5m/15m)    13234 Signale  117 ms lesen  116902 ms rechnen
2026-09-07T06:25:08.407Z  AAPL/2021       roh          98100 reg. Kerzen  252/252/252 von 252  Tagen gewertet (1m/5m/15m)    12307 Signale  103 ms lesen  115178 ms rechnen
2026-09-07T06:27:03.970Z  AAPL/2022       roh          97710 reg. Kerzen  251/251/251 von 251  Tagen gewertet (1m/5m/15m)    13404 Signale  90 ms lesen  115137 ms rechnen
2026-09-07T06:28:55.831Z  AAPL/2023       roh          97140 reg. Kerzen  250/250/250 von 250  Tagen gewertet (1m/5m/15m)    11730 Signale  106 ms lesen  111439 ms rechnen
2026-09-07T06:30:50.058Z  AAPL/2024       roh          97740 reg. Kerzen  252/252/252 von 252  Tagen gewertet (1m/5m/15m)    11843 Signale  107 ms lesen  113784 ms rechnen
2026-09-07T06:32:43.134Z  AAPL/2025       roh          96960 reg. Kerzen  250/250/250 von 250  Tagen gewertet (1m/5m/15m)    12056 Signale  112 ms lesen  112634 ms rechnen
2026-09-07T06:34:00.645Z  AAPL/2026       roh          64740 reg. Kerzen  166/166/166 von 166  Tagen gewertet (1m/5m/15m)     8194 Signale  66 ms lesen  77131 ms rechnen
2026-09-07T06:34:13.420Z  ACCD/2020       roh          31825 reg. Kerzen   12/105/107 von 127  Tagen gewertet (1m/5m/15m)     3186 Signale  26 ms lesen  12540 ms rechnen
2026-09-07T06:35:25.915Z  ACCD/2021       roh          78727 reg. Kerzen  136/252/252 von 252  Tagen gewertet (1m/5m/15m)    11134 Signale  51 ms lesen  72331 ms rechnen
2026-09-07T06:36:57.501Z  ACCD/2022       roh          85833 reg. Kerzen  185/211/211 von 251  Tagen gewertet (1m/5m/15m)    11834 Signale  48 ms lesen  91288 ms rechnen
2026-09-07T06:37:32.229Z  ACCD/2023       roh          76350 reg. Kerzen   69/140/140 von 250  Tagen gewertet (1m/5m/15m)     5896 Signale  44 ms lesen  34402 ms rechnen
2026-09-07T06:37:58.719Z  ACCD/2024       roh          80043 reg. Kerzen     51/88/88 von 252  Tagen gewertet (1m/5m/15m)     4005 Signale  49 ms lesen  26204 ms rechnen
2026-09-07T06:38:12.032Z  ACCD/2025       roh          20709 reg. Kerzen     28/44/44 von 65   Tagen gewertet (1m/5m/15m)      972 Signale  14 ms lesen  13034 ms rechnen
2026-09-07T06:39:53.920Z  COST/2016       roh          97618 reg. Kerzen  232/232/232 von 252  Tagen gewertet (1m/5m/15m)    10548 Signale  63 ms lesen  101747 ms rechnen
2026-09-07T06:41:42.127Z  COST/2017       roh          96984 reg. Kerzen  251/251/251 von 251  Tagen gewertet (1m/5m/15m)    10854 Signale  656 ms lesen  107230 ms rechnen
2026-09-07T06:43:30.969Z  COST/2018       roh          95982 reg. Kerzen  249/249/249 von 251  Tagen gewertet (1m/5m/15m)    11788 Signale  642 ms lesen  107903 ms rechnen
2026-09-07T06:45:19.806Z  COST/2019       roh          97039 reg. Kerzen  252/252/252 von 252  Tagen gewertet (1m/5m/15m)    11327 Signale  668 ms lesen  107855 ms rechnen
2026-09-07T06:47:14.795Z  COST/2020       roh          97985 reg. Kerzen  253/253/253 von 253  Tagen gewertet (1m/5m/15m)    12083 Signale  102 ms lesen  114587 ms rechnen
2026-09-07T06:49:06.148Z  COST/2021       roh          97158 reg. Kerzen  252/252/252 von 252  Tagen gewertet (1m/5m/15m)    11492 Signale  101 ms lesen  110908 ms rechnen
2026-09-07T06:51:00.512Z  COST/2022       roh          96989 reg. Kerzen  251/251/251 von 251  Tagen gewertet (1m/5m/15m)    13017 Signale  110 ms lesen  113944 ms rechnen
2026-09-07T06:52:47.296Z  COST/2023       roh          94680 reg. Kerzen  250/250/250 von 250  Tagen gewertet (1m/5m/15m)    11457 Signale  652 ms lesen  105810 ms rechnen
2026-09-07T06:54:33.509Z  COST/2024       roh          93697 reg. Kerzen  252/252/252 von 252  Tagen gewertet (1m/5m/15m)    11386 Signale  659 ms lesen  105227 ms rechnen
2026-09-07T06:56:22.586Z  COST/2025       roh          93235 reg. Kerzen  250/250/250 von 250  Tagen gewertet (1m/5m/15m)    11693 Signale  662 ms lesen  108110 ms rechnen
2026-09-07T06:57:41.861Z  COST/2026       roh          64553 reg. Kerzen  166/166/166 von 166  Tagen gewertet (1m/5m/15m)     7886 Signale  623 ms lesen  78326 ms rechnen
2026-09-07T06:59:29.608Z  JPM/2016        roh          98091 reg. Kerzen  232/232/232 von 252  Tagen gewertet (1m/5m/15m)    11040 Signale  94 ms lesen  107428 ms rechnen
2026-09-07T07:01:25.514Z  JPM/2017        roh          97530 reg. Kerzen  251/251/251 von 251  Tagen gewertet (1m/5m/15m)    11371 Signale  686 ms lesen  114886 ms rechnen
2026-09-07T07:03:24.639Z  JPM/2018        roh          97350 reg. Kerzen  251/251/251 von 251  Tagen gewertet (1m/5m/15m)    12086 Signale  677 ms lesen  118114 ms rechnen
2026-09-07T07:05:20.907Z  JPM/2019        roh          97702 reg. Kerzen  252/252/252 von 252  Tagen gewertet (1m/5m/15m)    11713 Signale  656 ms lesen  115275 ms rechnen
2026-09-07T07:07:25.982Z  JPM/2020        roh          98253 reg. Kerzen  253/253/253 von 253  Tagen gewertet (1m/5m/15m)    13238 Signale  691 ms lesen  124041 ms rechnen
2026-09-07T07:09:26.727Z  JPM/2021        roh          97317 reg. Kerzen  250/250/250 von 252  Tagen gewertet (1m/5m/15m)    11760 Signale  663 ms lesen  119713 ms rechnen
2026-09-07T07:11:30.421Z  JPM/2022        roh          97321 reg. Kerzen  250/250/250 von 251  Tagen gewertet (1m/5m/15m)    12768 Signale  680 ms lesen  122723 ms rechnen
2026-09-07T07:13:28.395Z  JPM/2023        roh          97136 reg. Kerzen  250/250/250 von 250  Tagen gewertet (1m/5m/15m)    11673 Signale  697 ms lesen  116919 ms rechnen
2026-09-07T07:15:27.984Z  JPM/2024        roh          97740 reg. Kerzen  252/252/252 von 252  Tagen gewertet (1m/5m/15m)    11531 Signale  662 ms lesen  118607 ms rechnen
2026-09-07T07:17:28.343Z  JPM/2025        roh          96958 reg. Kerzen  250/250/250 von 250  Tagen gewertet (1m/5m/15m)    11917 Signale  672 ms lesen  119361 ms rechnen
2026-09-07T07:18:46.914Z  JPM/2026        roh          64740 reg. Kerzen  166/166/166 von 166  Tagen gewertet (1m/5m/15m)     8051 Signale  634 ms lesen  77590 ms rechnen
2026-09-07T07:20:28.841Z  PG/2016         roh          98084 reg. Kerzen  232/232/232 von 252  Tagen gewertet (1m/5m/15m)    10034 Signale  94 ms lesen  101007 ms rechnen
2026-09-07T07:22:16.274Z  PG/2017         roh          97522 reg. Kerzen  251/251/251 von 251  Tagen gewertet (1m/5m/15m)    10313 Signale  644 ms lesen  106460 ms rechnen
2026-09-07T07:24:05.466Z  PG/2018         roh          97333 reg. Kerzen  251/251/251 von 251  Tagen gewertet (1m/5m/15m)    11368 Signale  653 ms lesen  108243 ms rechnen
2026-09-07T07:25:53.532Z  PG/2019         roh          97588 reg. Kerzen  252/252/252 von 252  Tagen gewertet (1m/5m/15m)    11089 Signale  646 ms lesen  107111 ms rechnen
2026-09-07T07:27:48.577Z  PG/2020         roh          98228 reg. Kerzen  253/253/253 von 253  Tagen gewertet (1m/5m/15m)    12069 Signale  668 ms lesen  114095 ms rechnen
2026-09-07T07:29:39.153Z  PG/2021         roh          97304 reg. Kerzen  250/250/250 von 252  Tagen gewertet (1m/5m/15m)    10884 Signale  669 ms lesen  109616 ms rechnen
2026-09-07T07:31:31.722Z  PG/2022         roh          96979 reg. Kerzen  249/249/249 von 251  Tagen gewertet (1m/5m/15m)    11853 Signale  648 ms lesen  111597 ms rechnen
2026-09-07T07:33:21.484Z  PG/2023         roh          97131 reg. Kerzen  250/250/250 von 250  Tagen gewertet (1m/5m/15m)    10967 Signale  651 ms lesen  108793 ms rechnen
2026-09-07T07:35:11.898Z  PG/2024         roh          97732 reg. Kerzen  252/252/252 von 252  Tagen gewertet (1m/5m/15m)    10723 Signale  677 ms lesen  109460 ms rechnen
2026-09-07T07:37:02.286Z  PG/2025         roh          96951 reg. Kerzen  250/250/250 von 250  Tagen gewertet (1m/5m/15m)    11343 Signale  678 ms lesen  109361 ms rechnen
2026-09-07T07:38:17.609Z  PG/2026         roh          64721 reg. Kerzen  166/166/166 von 166  Tagen gewertet (1m/5m/15m)     7870 Signale  637 ms lesen  74366 ms rechnen
2026-09-07T07:38:19.236Z  ENDE vollstaendig | 50 Dateien | 0.29 GB | 4.519.645 reg. Kerzen | lesen 20 s, rechnen 5028 s | ausgelassen 0 | Detektorfehler {}
