2026-09-07T06:13:55.019Z  START signale-minuten-2026-09-06/v3/13x3x3x4x3 | 5 Reihen (7299 Aktien, ausgeschlossen {"ETF":694,"ETN":7,"ETV":35,"FUND":16,"ETS":4,"ohne Art":1,"TEST":1,"UNIT":1}) | 13 Detektoren | Tage 2680 | Bestaetigung ab 2023-02-07 | PILOT | Teil 3/4
2026-09-07T06:13:55.190Z  AC/2016         roh          12148 reg. Kerzen        0/0/0 von 252  Tagen gewertet (1m/5m/15m)        0 Signale  8 ms lesen  161 ms rechnen
2026-09-07T06:13:55.362Z  AC/2017         roh           9699 reg. Kerzen        0/0/0 von 251  Tagen gewertet (1m/5m/15m)        0 Signale  7 ms lesen  110 ms rechnen
2026-09-07T06:13:55.477Z  AC/2018         roh           7916 reg. Kerzen        0/0/0 von 251  Tagen gewertet (1m/5m/15m)        0 Signale  7 ms lesen  83 ms rechnen
2026-09-07T06:13:55.550Z  AC/2019         roh           2891 reg. Kerzen        0/0/0 von 251  Tagen gewertet (1m/5m/15m)        0 Signale  2 ms lesen  41 ms rechnen
2026-09-07T06:13:55.650Z  AC/2020         roh           7862 reg. Kerzen        0/0/0 von 253  Tagen gewertet (1m/5m/15m)        0 Signale  5 ms lesen  88 ms rechnen
2026-09-07T06:13:55.758Z  AC/2021         roh           6991 reg. Kerzen        0/0/0 von 249  Tagen gewertet (1m/5m/15m)        0 Signale  4 ms lesen  85 ms rechnen
2026-09-07T06:13:55.816Z  AC/2022         roh           2881 reg. Kerzen        0/0/0 von 245  Tagen gewertet (1m/5m/15m)        0 Signale  2 ms lesen  38 ms rechnen
2026-09-07T06:13:55.875Z  AC/2023         roh           3434 reg. Kerzen        0/0/0 von 250  Tagen gewertet (1m/5m/15m)        0 Signale  2 ms lesen  47 ms rechnen
2026-09-07T06:13:55.926Z  AC/2024         roh           2777 reg. Kerzen        0/0/0 von 252  Tagen gewertet (1m/5m/15m)        0 Signale  2 ms lesen  36 ms rechnen
2026-09-07T06:13:55.974Z  AC/2025         roh           1821 reg. Kerzen        0/0/0 von 168  Tagen gewertet (1m/5m/15m)        0 Signale  2 ms lesen  33 ms rechnen
2026-09-07T06:14:00.478Z  COKE/2016       bereinigt    25819 reg. Kerzen     0/40/194 von 252  Tagen gewertet (1m/5m/15m)     2327 Signale  14 ms lesen  4484 ms rechnen
2026-09-07T06:14:02.410Z  COKE/2017       bereinigt    15891 reg. Kerzen      0/3/104 von 251  Tagen gewertet (1m/5m/15m)      960 Signale  12 ms lesen  1830 ms rechnen
2026-09-07T06:14:05.699Z  COKE/2018       bereinigt    19702 reg. Kerzen     0/11/156 von 251  Tagen gewertet (1m/5m/15m)     1569 Signale  16 ms lesen  3211 ms rechnen
2026-09-07T06:14:09.849Z  COKE/2019       bereinigt    21278 reg. Kerzen     0/23/177 von 252  Tagen gewertet (1m/5m/15m)     1908 Signale  16 ms lesen  4073 ms rechnen
2026-09-07T06:14:12.561Z  COKE/2020       bereinigt    15375 reg. Kerzen     0/15/105 von 253  Tagen gewertet (1m/5m/15m)     1218 Signale  13 ms lesen  2625 ms rechnen
2026-09-07T06:14:13.153Z  COKE/2021       bereinigt     9721 reg. Kerzen       0/0/29 von 252  Tagen gewertet (1m/5m/15m)      262 Signale  8 ms lesen  528 ms rechnen
2026-09-07T06:14:15.434Z  COKE/2022       bereinigt    13755 reg. Kerzen      0/7/119 von 251  Tagen gewertet (1m/5m/15m)     1131 Signale  11 ms lesen  2242 ms rechnen
2026-09-07T06:14:16.492Z  COKE/2023       bereinigt    10644 reg. Kerzen       0/0/70 von 250  Tagen gewertet (1m/5m/15m)      584 Signale  8 ms lesen  994 ms rechnen
2026-09-07T06:14:17.659Z  COKE/2024       bereinigt     9881 reg. Kerzen       0/0/70 von 252  Tagen gewertet (1m/5m/15m)      609 Signale  9 ms lesen  1111 ms rechnen
2026-09-07T06:14:34.445Z  COKE/2025       bereinigt    43810 reg. Kerzen   22/153/184 von 250  Tagen gewertet (1m/5m/15m)     4729 Signale  28 ms lesen  16718 ms rechnen
2026-09-07T06:14:51.335Z  COKE/2026       roh          40609 reg. Kerzen   17/166/166 von 166  Tagen gewertet (1m/5m/15m)     4971 Signale  29 ms lesen  16717 ms rechnen
2026-09-07T06:16:37.752Z  HD/2016         roh          98058 reg. Kerzen  232/232/232 von 252  Tagen gewertet (1m/5m/15m)    10732 Signale  68 ms lesen  106229 ms rechnen
2026-09-07T06:18:30.168Z  HD/2017         roh          97498 reg. Kerzen  251/251/251 von 251  Tagen gewertet (1m/5m/15m)    10780 Signale  69 ms lesen  111983 ms rechnen
2026-09-07T06:20:21.461Z  HD/2018         roh          97309 reg. Kerzen  251/251/251 von 251  Tagen gewertet (1m/5m/15m)    12065 Signale  51 ms lesen  110944 ms rechnen
2026-09-07T06:22:11.453Z  HD/2019         roh          97660 reg. Kerzen  252/252/252 von 252  Tagen gewertet (1m/5m/15m)    11610 Signale  61 ms lesen  109637 ms rechnen
2026-09-07T06:24:08.334Z  HD/2020         roh          98222 reg. Kerzen  253/253/253 von 253  Tagen gewertet (1m/5m/15m)    12736 Signale  70 ms lesen  116513 ms rechnen
2026-09-07T06:26:01.703Z  HD/2021         roh          97220 reg. Kerzen  250/250/250 von 252  Tagen gewertet (1m/5m/15m)    11602 Signale  63 ms lesen  112951 ms rechnen
2026-09-07T06:27:56.452Z  HD/2022         roh          97267 reg. Kerzen  250/250/250 von 251  Tagen gewertet (1m/5m/15m)    13152 Signale  63 ms lesen  114341 ms rechnen
2026-09-07T06:29:50.980Z  HD/2023         roh          97015 reg. Kerzen  250/250/250 von 250  Tagen gewertet (1m/5m/15m)    11727 Signale  66 ms lesen  114118 ms rechnen
2026-09-07T06:31:42.367Z  HD/2024         roh          97382 reg. Kerzen  252/252/252 von 252  Tagen gewertet (1m/5m/15m)    11668 Signale  60 ms lesen  111009 ms rechnen
2026-09-07T06:33:34.510Z  HD/2025         roh          96545 reg. Kerzen  250/250/250 von 250  Tagen gewertet (1m/5m/15m)    11916 Signale  68 ms lesen  111775 ms rechnen
2026-09-07T06:34:53.524Z  HD/2026         roh          64735 reg. Kerzen  166/166/166 von 166  Tagen gewertet (1m/5m/15m)     8237 Signale  46 ms lesen  78611 ms rechnen
2026-09-07T06:36:41.626Z  NVDA/2016       bereinigt    98039 reg. Kerzen  232/232/232 von 252  Tagen gewertet (1m/5m/15m)    12058 Signale  74 ms lesen  107823 ms rechnen
2026-09-07T06:38:41.203Z  NVDA/2017       bereinigt    97530 reg. Kerzen  251/251/251 von 251  Tagen gewertet (1m/5m/15m)    13166 Signale  95 ms lesen  119140 ms rechnen
2026-09-07T06:40:42.499Z  NVDA/2018       bereinigt    96571 reg. Kerzen  249/249/249 von 251  Tagen gewertet (1m/5m/15m)    13474 Signale  724 ms lesen  120275 ms rechnen
2026-09-07T06:42:42.972Z  NVDA/2019       bereinigt    97739 reg. Kerzen  252/252/252 von 252  Tagen gewertet (1m/5m/15m)    13320 Signale  708 ms lesen  119444 ms rechnen
2026-09-07T06:44:49.327Z  NVDA/2020       bereinigt    98252 reg. Kerzen  253/253/253 von 253  Tagen gewertet (1m/5m/15m)    14007 Signale  738 ms lesen  125308 ms rechnen
2026-09-07T06:46:52.910Z  NVDA/2021       bereinigt    98095 reg. Kerzen  252/252/252 von 252  Tagen gewertet (1m/5m/15m)    13642 Signale  711 ms lesen  122545 ms rechnen
2026-09-07T06:49:04.484Z  NVDA/2022       bereinigt    97710 reg. Kerzen  251/251/251 von 251  Tagen gewertet (1m/5m/15m)    14721 Signale  217 ms lesen  131030 ms rechnen
2026-09-07T06:51:06.860Z  NVDA/2023       bereinigt    97140 reg. Kerzen  250/250/250 von 250  Tagen gewertet (1m/5m/15m)    13684 Signale  751 ms lesen  121297 ms rechnen
2026-09-07T06:53:12.100Z  NVDA/2024       bereinigt    97740 reg. Kerzen  252/252/252 von 252  Tagen gewertet (1m/5m/15m)    13844 Signale  205 ms lesen  124720 ms rechnen
2026-09-07T06:55:13.971Z  NVDA/2025       roh          96960 reg. Kerzen  250/250/250 von 250  Tagen gewertet (1m/5m/15m)    13229 Signale  776 ms lesen  120766 ms rechnen
2026-09-07T06:56:37.653Z  NVDA/2026       roh          64740 reg. Kerzen  166/166/166 von 166  Tagen gewertet (1m/5m/15m)     8844 Signale  712 ms lesen  82657 ms rechnen
2026-09-07T06:58:26.799Z  XOM/2016        roh          98090 reg. Kerzen  232/232/232 von 252  Tagen gewertet (1m/5m/15m)    10783 Signale  109 ms lesen  108792 ms rechnen
2026-09-07T07:00:23.283Z  XOM/2017        roh          97529 reg. Kerzen  251/251/251 von 251  Tagen gewertet (1m/5m/15m)    10537 Signale  694 ms lesen  115459 ms rechnen
2026-09-07T07:02:21.297Z  XOM/2018        roh          97347 reg. Kerzen  251/251/251 von 251  Tagen gewertet (1m/5m/15m)    11753 Signale  676 ms lesen  116988 ms rechnen
2026-09-07T07:04:18.644Z  XOM/2019        roh          97693 reg. Kerzen  252/252/252 von 252  Tagen gewertet (1m/5m/15m)    11486 Signale  676 ms lesen  116344 ms rechnen
2026-09-07T07:06:29.886Z  XOM/2020        roh          98246 reg. Kerzen  253/253/253 von 253  Tagen gewertet (1m/5m/15m)    13567 Signale  717 ms lesen  130160 ms rechnen
2026-09-07T07:08:33.566Z  XOM/2021        roh          97317 reg. Kerzen  250/250/250 von 252  Tagen gewertet (1m/5m/15m)    12633 Signale  675 ms lesen  122679 ms rechnen
2026-09-07T07:10:40.296Z  XOM/2022        roh          96946 reg. Kerzen  249/249/249 von 251  Tagen gewertet (1m/5m/15m)    13122 Signale  694 ms lesen  125693 ms rechnen
2026-09-07T07:12:41.950Z  XOM/2023        roh          97130 reg. Kerzen  250/250/250 von 250  Tagen gewertet (1m/5m/15m)    12259 Signale  689 ms lesen  120612 ms rechnen
2026-09-07T07:14:42.258Z  XOM/2024        roh          97740 reg. Kerzen  252/252/252 von 252  Tagen gewertet (1m/5m/15m)    11750 Signale  684 ms lesen  119303 ms rechnen
2026-09-07T07:16:43.893Z  XOM/2025        roh          96959 reg. Kerzen  250/250/250 von 250  Tagen gewertet (1m/5m/15m)    11811 Signale  668 ms lesen  120629 ms rechnen
2026-09-07T07:18:06.385Z  XOM/2026        roh          64736 reg. Kerzen  166/166/166 von 166  Tagen gewertet (1m/5m/15m)     8307 Signale  653 ms lesen  81535 ms rechnen
2026-09-07T07:18:08.023Z  ENDE vollstaendig | 54 Dateien | 0.25 GB | 3.404.065 reg. Kerzen | lesen 14 s, rechnen 3827 s | ausgelassen 0 | Detektorfehler {}
